Archive member included because of file (symbol)

c:/altera/14.0/nios2eds/bin/gnu/h-x86_64-mingw32/bin/../lib/gcc/nios2-elf/4.7.3/mno-hw-mul\libgcc.a(_div_sf.o)
                              obj/default/interrupt_handler_uart.o (__divsf3)
c:/altera/14.0/nios2eds/bin/gnu/h-x86_64-mingw32/bin/../lib/gcc/nios2-elf/4.7.3/mno-hw-mul\libgcc.a(_sf_to_df.o)
                              obj/default/interrupt_handler_uart.o (__extendsfdf2)
c:/altera/14.0/nios2eds/bin/gnu/h-x86_64-mingw32/bin/../lib/gcc/nios2-elf/4.7.3/mno-hw-mul\libgcc.a(_thenan_sf.o)
                              c:/altera/14.0/nios2eds/bin/gnu/h-x86_64-mingw32/bin/../lib/gcc/nios2-elf/4.7.3/mno-hw-mul\libgcc.a(_div_sf.o) (__thenan_sf)
c:/altera/14.0/nios2eds/bin/gnu/h-x86_64-mingw32/bin/../lib/gcc/nios2-elf/4.7.3/mno-hw-mul\libgcc.a(_usi_to_sf.o)
                              obj/default/interrupt_handler_uart.o (__floatunsisf)
c:/altera/14.0/nios2eds/bin/gnu/h-x86_64-mingw32/bin/../lib/gcc/nios2-elf/4.7.3/mno-hw-mul\libgcc.a(_addsub_df.o)
                              obj/default/interrupt_handler_uart.o (__adddf3)
c:/altera/14.0/nios2eds/bin/gnu/h-x86_64-mingw32/bin/../lib/gcc/nios2-elf/4.7.3/mno-hw-mul\libgcc.a(_df_to_si.o)
                              obj/default/interrupt_handler_uart.o (__fixdfsi)
c:/altera/14.0/nios2eds/bin/gnu/h-x86_64-mingw32/bin/../lib/gcc/nios2-elf/4.7.3/mno-hw-mul\libgcc.a(_make_df.o)
                              c:/altera/14.0/nios2eds/bin/gnu/h-x86_64-mingw32/bin/../lib/gcc/nios2-elf/4.7.3/mno-hw-mul\libgcc.a(_sf_to_df.o) (__make_dp)
c:/altera/14.0/nios2eds/bin/gnu/h-x86_64-mingw32/bin/../lib/gcc/nios2-elf/4.7.3/mno-hw-mul\libgcc.a(_thenan_df.o)
                              c:/altera/14.0/nios2eds/bin/gnu/h-x86_64-mingw32/bin/../lib/gcc/nios2-elf/4.7.3/mno-hw-mul\libgcc.a(_addsub_df.o) (__thenan_df)
c:/altera/14.0/nios2eds/bin/gnu/h-x86_64-mingw32/bin/../lib/gcc/nios2-elf/4.7.3/mno-hw-mul\libgcc.a(lib2-divmod.o)
                              obj/default/main.o (__divsi3)
c:/altera/14.0/nios2eds/bin/gnu/h-x86_64-mingw32/bin/../lib/gcc/nios2-elf/4.7.3/mno-hw-mul\libgcc.a(lib2-mul.o)
                              obj/default/main.o (__mulsi3)
c:/altera/14.0/nios2eds/bin/gnu/h-x86_64-mingw32/bin/../lib/gcc/nios2-elf/4.7.3/mno-hw-mul\libgcc.a(_clzsi2.o)
                              c:/altera/14.0/nios2eds/bin/gnu/h-x86_64-mingw32/bin/../lib/gcc/nios2-elf/4.7.3/mno-hw-mul\libgcc.a(_usi_to_sf.o) (__clzsi2)
c:/altera/14.0/nios2eds/bin/gnu/h-x86_64-mingw32/bin/../lib/gcc/nios2-elf/4.7.3/mno-hw-mul\libgcc.a(_pack_sf.o)
                              c:/altera/14.0/nios2eds/bin/gnu/h-x86_64-mingw32/bin/../lib/gcc/nios2-elf/4.7.3/mno-hw-mul\libgcc.a(_div_sf.o) (__pack_f)
c:/altera/14.0/nios2eds/bin/gnu/h-x86_64-mingw32/bin/../lib/gcc/nios2-elf/4.7.3/mno-hw-mul\libgcc.a(_unpack_sf.o)
                              c:/altera/14.0/nios2eds/bin/gnu/h-x86_64-mingw32/bin/../lib/gcc/nios2-elf/4.7.3/mno-hw-mul\libgcc.a(_div_sf.o) (__unpack_f)
c:/altera/14.0/nios2eds/bin/gnu/h-x86_64-mingw32/bin/../lib/gcc/nios2-elf/4.7.3/mno-hw-mul\libgcc.a(_pack_df.o)
                              c:/altera/14.0/nios2eds/bin/gnu/h-x86_64-mingw32/bin/../lib/gcc/nios2-elf/4.7.3/mno-hw-mul\libgcc.a(_addsub_df.o) (__pack_d)
c:/altera/14.0/nios2eds/bin/gnu/h-x86_64-mingw32/bin/../lib/gcc/nios2-elf/4.7.3/mno-hw-mul\libgcc.a(_unpack_df.o)
                              c:/altera/14.0/nios2eds/bin/gnu/h-x86_64-mingw32/bin/../lib/gcc/nios2-elf/4.7.3/mno-hw-mul\libgcc.a(_addsub_df.o) (__unpack_d)
c:/altera/14.0/nios2eds/bin/gnu/h-x86_64-mingw32/bin/../lib/gcc/nios2-elf/4.7.3/mno-hw-mul\libgcc.a(_lshrdi3.o)
                              c:/altera/14.0/nios2eds/bin/gnu/h-x86_64-mingw32/bin/../lib/gcc/nios2-elf/4.7.3/mno-hw-mul\libgcc.a(_pack_df.o) (__lshrdi3)
c:/altera/14.0/nios2eds/bin/gnu/h-x86_64-mingw32/bin/../lib/gcc/nios2-elf/4.7.3/mno-hw-mul\libgcc.a(_ashldi3.o)
                              c:/altera/14.0/nios2eds/bin/gnu/h-x86_64-mingw32/bin/../lib/gcc/nios2-elf/4.7.3/mno-hw-mul\libgcc.a(_pack_df.o) (__ashldi3)
c:/altera/14.0/nios2eds/bin/gnu/h-x86_64-mingw32/bin/../lib/gcc/nios2-elf/4.7.3/mno-hw-mul\libgcc.a(_clz.o)
                              c:/altera/14.0/nios2eds/bin/gnu/h-x86_64-mingw32/bin/../lib/gcc/nios2-elf/4.7.3/mno-hw-mul\libgcc.a(_clzsi2.o) (__clz_tab)
c:/altera/14.0/nios2eds/bin/gnu/h-x86_64-mingw32/bin/../lib/gcc/nios2-elf/4.7.3/../../../../../H-x86_64-mingw32/nios2-elf/lib/mno-hw-mul\libsmallc.a(lib_a-impure.o)
                              obj/default/main.o (_impure_ptr)
c:/altera/14.0/nios2eds/bin/gnu/h-x86_64-mingw32/bin/../lib/gcc/nios2-elf/4.7.3/../../../../../H-x86_64-mingw32/nios2-elf/lib/mno-hw-mul\libsmallc.a(lib_a-memset.o)
                              obj/default/main.o (memset)
c:/altera/14.0/nios2eds/bin/gnu/h-x86_64-mingw32/bin/../lib/gcc/nios2-elf/4.7.3/../../../../../H-x86_64-mingw32/nios2-elf/lib/mno-hw-mul\libsmallc.a(lib_a-putc.o)
                              obj/default/main.o (putc)
[...]
Memory Configuration

Name             Origin             Length             Attributes
data_memory      0x0000000000000000 0x0000000000001000
reset            0x0000000000040000 0x0000000000000020
cpu_memory       0x0000000000040020 0x0000000000004fe0
*default*        0x0000000000000000 0xffffffffffffffff

Linker script and memory map

LOAD ../SocNiosBSP//obj/HAL/src/crt0.o
LOAD obj/default/interrupt_handler_uart.o
LOAD obj/default/main.o
LOAD c:/altera/14.0/nios2eds/bin/gnu/h-x86_64-mingw32/bin/../lib/gcc/nios2-elf/4.7.3/../../../../../H-x86_64-mingw32/nios2-elf/lib/mno-hw-mul\libstdc++.a
LOAD c:/altera/14.0/nios2eds/bin/gnu/h-x86_64-mingw32/bin/../lib/gcc/nios2-elf/4.7.3/../../../../../H-x86_64-mingw32/nios2-elf/lib/mno-hw-mul\libm.a
LOAD c:/altera/14.0/nios2eds/bin/gnu/h-x86_64-mingw32/bin/../lib/gcc/nios2-elf/4.7.3/mno-hw-mul\libgcc.a
START GROUP
LOAD c:/altera/14.0/nios2eds/bin/gnu/h-x86_64-mingw32/bin/../lib/gcc/nios2-elf/4.7.3/../../../../../H-x86_64-mingw32/nios2-elf/lib/mno-hw-mul\libsmallc.a
LOAD c:/altera/14.0/nios2eds/bin/gnu/h-x86_64-mingw32/bin/../lib/gcc/nios2-elf/4.7.3/mno-hw-mul\libgcc.a
LOAD ../SocNiosBSP/\libhal_bsp.a
END GROUP
LOAD c:/altera/14.0/nios2eds/bin/gnu/h-x86_64-mingw32/bin/../lib/gcc/nios2-elf/4.7.3/mno-hw-mul\libgcc.a
                0x0000000000000000                __alt_mem_data_memory = 0x0
                0x0000000000040000                __alt_mem_cpu_memory = 0x40000

.entry          0x0000000000040000       0x20
 *(.entry)
 .entry         0x0000000000040000       0x20 ../SocNiosBSP//obj/HAL/src/crt0.o
                0x0000000000040000                __reset
                0x000000000004000c                _exit

.exceptions     0x0000000000040020      0x198
                0x0000000000040020                PROVIDE (__ram_exceptions_start, ABSOLUTE (.))
                0x0000000000040020                . = ALIGN (0x20)
 *(.irq)
 *(.exceptions.entry.label)
 .exceptions.entry.label
                0x0000000000040020        0x0 ../SocNiosBSP/\libhal_bsp.a(alt_irq_entry.o)
                0x0000000000040020                alt_irq_entry
 .exceptions.entry.label
                0x0000000000040020        0x0 ../SocNiosBSP/\libhal_bsp.a(alt_exception_entry.o)
                0x0000000000040020                alt_exception
 *(.exceptions.entry.user)
 *(.exceptions.entry.ecc_fatal)
 *(.exceptions.entry)
 .exceptions.entry
                0x0000000000040020       0x54 ../SocNiosBSP/\libhal_bsp.a(alt_exception_entry.o)
 *(.exceptions.irqtest.user)
 *(.exceptions.irqtest)
 .exceptions.irqtest
                0x0000000000040074       0x10 ../SocNiosBSP/\libhal_bsp.a(alt_irq_entry.o)
 *(.exceptions.irqhandler.user)
 *(.exceptions.irqhandler)
 .exceptions.irqhandler
                0x0000000000040084        0x4 ../SocNiosBSP/\libhal_bsp.a(alt_irq_entry.o)
 *(.exceptions.irqreturn.user)
 *(.exceptions.irqreturn)
 .exceptions.irqreturn
                0x0000000000040088        0x4 ../SocNiosBSP/\libhal_bsp.a(alt_irq_entry.o)
 *(.exceptions.notirq.label)
 .exceptions.notirq.label
                0x000000000004008c        0x0 ../SocNiosBSP/\libhal_bsp.a(alt_irq_entry.o)
 *(.exceptions.notirq.user)
 *(.exceptions.notirq)
 .exceptions.notirq
                0x000000000004008c        0x8 ../SocNiosBSP/\libhal_bsp.a(alt_exception_entry.o)
 *(.exceptions.soft.user)
 *(.exceptions.soft)
 *(.exceptions.unknown.user)
 *(.exceptions.unknown)
 .exceptions.unknown
                0x0000000000040094        0x4 ../SocNiosBSP/\libhal_bsp.a(alt_exception_entry.o)
 *(.exceptions.exit.label)
 .exceptions.exit.label
                0x0000000000040098        0x0 ../SocNiosBSP/\libhal_bsp.a(alt_irq_entry.o)
 .exceptions.exit.label
                0x0000000000040098        0x0 ../SocNiosBSP/\libhal_bsp.a(alt_exception_entry.o)
 *(.exceptions.exit.user)
 *(.exceptions.exit)
 .exceptions.exit
                0x0000000000040098       0x54 ../SocNiosBSP/\libhal_bsp.a(alt_exception_entry.o)
 *(.exceptions)
 .exceptions    0x00000000000400ec       0xcc ../SocNiosBSP/\libhal_bsp.a(alt_irq_handler.o)
                0x00000000000400ec                alt_irq_handler
                0x00000000000401b8                PROVIDE (__ram_exceptions_end, ABSOLUTE (.))
                0x0000000000040020                PROVIDE (__flash_exceptions_start, LOADADDR (.exceptions))

.text           0x00000000000401b8     0x3cc0
                0x00000000000401b8                PROVIDE (stext, ABSOLUTE (.))
 *(.interp)
 *(.hash)
 *(.dynsym)
 *(.dynstr)
 *(.gnu.version)
 *(.gnu.version_d)
 *(.gnu.version_r)
 *(.rel.init)
 *(.rela.init)
 *(.rel.text .rel.text.* .rel.gnu.linkonce.t.*)
 *(.rela.text .rela.text.* .rela.gnu.linkonce.t.*)
 *(.rel.fini)
 *(.rela.fini)
 *(.rel.rodata .rel.rodata.* .rel.gnu.linkonce.r.*)
 *(.rela.rodata .rela.rodata.* .rela.gnu.linkonce.r.*)
 *(.rel.data .rel.data.* .rel.gnu.linkonce.d.*)
 *(.rela.data .rela.data.* .rela.gnu.linkonce.d.*)
 *(.rel.tdata .rel.tdata.* .rel.gnu.linkonce.td.*)
 *(.rela.tdata .rela.tdata.* .rela.gnu.linkonce.td.*)
 *(.rel.tbss .rel.tbss.* .rel.gnu.linkonce.tb.*)
 *(.rela.tbss .rela.tbss.* .rela.gnu.linkonce.tb.*)
 *(.rel.ctors)
 *(.rela.ctors)
 *(.rel.dtors)
 *(.rela.dtors)
 *(.rel.got)
 *(.rela.got)
 *(.rel.sdata .rel.sdata.* .rel.gnu.linkonce.s.*)
 *(.rela.sdata .rela.sdata.* .rela.gnu.linkonce.s.*)
 *(.rel.sbss .rel.sbss.* .rel.gnu.linkonce.sb.*)
 *(.rela.sbss .rela.sbss.* .rela.gnu.linkonce.sb.*)
 *(.rel.sdata2 .rel.sdata2.* .rel.gnu.linkonce.s2.*)
 *(.rela.sdata2 .rela.sdata2.* .rela.gnu.linkonce.s2.*)
 *(.rel.sbss2 .rel.sbss2.* .rel.gnu.linkonce.sb2.*)
 *(.rela.sbss2 .rela.sbss2.* .rela.gnu.linkonce.sb2.*)
 *(.rel.bss .rel.bss.* .rel.gnu.linkonce.b.*)
 *(.rela.bss .rela.bss.* .rela.gnu.linkonce.b.*)
 *(.rel.plt)
 *(.rela.plt)
 *(.rel.dyn)
 *(.init)
 *(.plt)
 *(.text .stub .text.* .gnu.linkonce.t.*)
 .text          0x00000000000401b8       0x38 ../SocNiosBSP//obj/HAL/src/crt0.o
                0x00000000000401b8                _start
 .text          0x00000000000401f0      0x3b0 obj/default/interrupt_handler_uart.o
                0x00000000000401f0                InitUart1
                0x0000000000040298                IsrUart1
                0x00000000000403d8                EmptyUart1
                0x0000000000040414                flush_rx_buffer
                0x0000000000040438                GetUart1
                0x0000000000040494                PutUart1
 .text          0x00000000000405a0     0x11bc obj/default/main.o
                0x0000000000040d0c                raw_printf
                0x0000000000040d5c                raw_sprintf
                0x0000000000040db0                InitUart
                0x0000000000040e0c                putc_uart0
                0x0000000000040e74                putstr_uart0
                0x0000000000040f14                error_check
                0x0000000000040fec                wait_for_answer
                0x0000000000041064                main
                0x0000000000041220                start_test
                0x00000000000416ac                dump_memory
 .text          0x000000000004175c      0x13c c:/altera/14.0/nios2eds/bin/gnu/h-x86_64-mingw32/bin/../lib/gcc/nios2-elf/4.7.3/mno-hw-mul\libgcc.a(_div_sf.o)
                0x000000000004175c                __divsf3
 .text          0x0000000000041898       0x44 c:/altera/14.0/nios2eds/bin/gnu/h-x86_64-mingw32/bin/../lib/gcc/nios2-elf/4.7.3/mno-hw-mul\libgcc.a(_sf_to_df.o)
                0x0000000000041898                __extendsfdf2
 .text          0x00000000000418dc        0x0 c:/altera/14.0/nios2eds/bin/gnu/h-x86_64-mingw32/bin/../lib/gcc/nios2-elf/4.7.3/mno-hw-mul\libgcc.a(_thenan_sf.o)
 .text          0x00000000000418dc       0xd4 c:/altera/14.0/nios2eds/bin/gnu/h-x86_64-mingw32/bin/../lib/gcc/nios2-elf/4.7.3/mno-hw-mul\libgcc.a(_usi_to_sf.o)
                0x00000000000418dc                __floatunsisf
 .text          0x00000000000419b0      0x408 c:/altera/14.0/nios2eds/bin/gnu/h-x86_64-mingw32/bin/../lib/gcc/nios2-elf/4.7.3/mno-hw-mul\libgcc.a(_addsub_df.o)
                0x0000000000041d04                __adddf3
                0x0000000000041d58                __subdf3
 .text          0x0000000000041db8       0xc4 c:/altera/14.0/nios2eds/bin/gnu/h-x86_64-mingw32/bin/../lib/gcc/nios2-elf/4.7.3/mno-hw-mul\libgcc.a(_df_to_si.o)
                0x0000000000041db8                __fixdfsi
 .text          0x0000000000041e7c       0x38 c:/altera/14.0/nios2eds/bin/gnu/h-x86_64-mingw32/bin/../lib/gcc/nios2-elf/4.7.3/mno-hw-mul\libgcc.a(_make_df.o)
                0x0000000000041e7c                __make_dp
 .text          0x0000000000041eb4        0x0 c:/altera/14.0/nios2eds/bin/gnu/h-x86_64-mingw32/bin/../lib/gcc/nios2-elf/4.7.3/mno-hw-mul\libgcc.a(_thenan_df.o)
 .text          0x0000000000041eb4      0x130 c:/altera/14.0/nios2eds/bin/gnu/h-x86_64-mingw32/bin/../lib/gcc/nios2-elf/4.7.3/mno-hw-mul\libgcc.a(lib2-divmod.o)
                0x0000000000041f28                __divsi3
                0x0000000000041f78                __modsi3
                0x0000000000041fd4                __udivsi3
                0x0000000000041fdc                __umodsi3
 .text          0x0000000000041fe4       0x28 c:/altera/14.0/nios2eds/bin/gnu/h-x86_64-mingw32/bin/../lib/gcc/nios2-elf/4.7.3/mno-hw-mul\libgcc.a(lib2-mul.o)
                0x0000000000041fe4                __mulsi3
 .text          0x000000000004200c       0xac c:/altera/14.0/nios2eds/bin/gnu/h-x86_64-mingw32/bin/../lib/gcc/nios2-elf/4.7.3/mno-hw-mul\libgcc.a(_clzsi2.o)
                0x000000000004200c                __clzsi2
 .text          0x00000000000420b8      0x12c c:/altera/14.0/nios2eds/bin/gnu/h-x86_64-mingw32/bin/../lib/gcc/nios2-elf/4.7.3/mno-hw-mul\libgcc.a(_pack_sf.o)
                0x00000000000420b8                __pack_f
 .text          0x00000000000421e4       0xc8 c:/altera/14.0/nios2eds/bin/gnu/h-x86_64-mingw32/bin/../lib/gcc/nios2-elf/4.7.3/mno-hw-mul\libgcc.a(_unpack_sf.o)
                0x00000000000421e4                __unpack_f
 .text          0x00000000000422ac      0x224 c:/altera/14.0/nios2eds/bin/gnu/h-x86_64-mingw32/bin/../lib/gcc/nios2-elf/4.7.3/mno-hw-mul\libgcc.a(_pack_df.o)
                0x00000000000422ac                __pack_d
 .text          0x00000000000424d0      0x104 c:/altera/14.0/nios2eds/bin/gnu/h-x86_64-mingw32/bin/../lib/gcc/nios2-elf/4.7.3/mno-hw-mul\libgcc.a(_unpack_df.o)
                0x00000000000424d0                __unpack_d
 .text          0x00000000000425d4       0x44 c:/altera/14.0/nios2eds/bin/gnu/h-x86_64-mingw32/bin/../lib/gcc/nios2-elf/4.7.3/mno-hw-mul\libgcc.a(_lshrdi3.o)
                0x00000000000425d4                __lshrdi3
 .text          0x0000000000042618       0x44 c:/altera/14.0/nios2eds/bin/gnu/h-x86_64-mingw32/bin/../lib/gcc/nios2-elf/4.7.3/mno-hw-mul\libgcc.a(_ashldi3.o)
                0x0000000000042618                __ashldi3
 .text          0x000000000004265c        0x0 c:/altera/14.0/nios2eds/bin/gnu/h-x86_64-mingw32/bin/../lib/gcc/nios2-elf/4.7.3/mno-hw-mul\libgcc.a(_clz.o)
 .text          0x000000000004265c        0x0 c:/altera/14.0/nios2eds/bin/gnu/h-x86_64-mingw32/bin/../lib/gcc/nios2-elf/4.7.3/../../../../../H-x86_64-mingw32/nios2-elf/lib/mno-hw-mul\libsmallc.a(lib_a-impure.o)
 .text          0x000000000004265c       0x20 c:/altera/14.0/nios2eds/bin/gnu/h-x86_64-mingw32/bin/../lib/gcc/nios2-elf/4.7.3/../../../../../H-x86_64-mingw32/nios2-elf/lib/mno-hw-mul\libsmallc.a(lib_a-memset.o)
                0x000000000004265c                memset
 .text          0x000000000004267c       0xbc c:/altera/14.0/nios2eds/bin/gnu/h-x86_64-mingw32/bin/../lib/gcc/nios2-elf/4.7.3/../../../../../H-x86_64-mingw32/nios2-elf/lib/mno-hw-mul\libsmallc.a(lib_a-putc.o)
                0x000000000004267c                putc
                0x00000000000426d8                _putc_r
 .text          0x0000000000042738       0x6c c:/altera/14.0/nios2eds/bin/gnu/h-x86_64-mingw32/bin/../lib/gcc/nios2-elf/4.7.3/../../../../../H-x86_64-mingw32/nios2-elf/lib/mno-hw-mul\libsmallc.a(lib_a-strncmp.o)
                0x0000000000042738                strncmp
 .text          0x00000000000427a4       0xe0 c:/altera/14.0/nios2eds/bin/gnu/h-x86_64-mingw32/bin/../lib/gcc/nios2-elf/4.7.3/../../../../../H-x86_64-mingw32/nios2-elf/lib/mno-hw-mul\libsmallc.a(lib_a-fvwrite_small_dev.o)
                0x00000000000427a4                __sfvwrite_small_dev
 .text          0x0000000000042884       0x6c c:/altera/14.0/nios2eds/bin/gnu/h-x86_64-mingw32/bin/../lib/gcc/nios2-elf/4.7.3/../../../../../H-x86_64-mingw32/nios2-elf/lib/mno-hw-mul\libsmallc.a(lib_a-writer.o)
                0x0000000000042884                _write_r
 .text          0x00000000000428f0        0x0 c:/altera/14.0/nios2eds/bin/gnu/h-x86_64-mingw32/bin/../lib/gcc/nios2-elf/4.7.3/../../../../../H-x86_64-mingw32/nios2-elf/lib/mno-hw-mul\libsmallc.a(lib_a-int_errno.o)
 .text          0x00000000000428f0      0x1d8 ../SocNiosBSP/\libhal_bsp.a(alt_iic.o)
                0x00000000000428f0                alt_ic_isr_register
                0x0000000000042940                alt_ic_irq_enable
                0x00000000000429dc                alt_ic_irq_disable
                0x0000000000042a7c                alt_ic_irq_enabled
 .text          0x0000000000042ac8       0xf0 ../SocNiosBSP/\libhal_bsp.a(alt_iic_isr_register.o)
                0x0000000000042ac8                alt_iic_isr_register
 .text          0x0000000000042bb8        0x0 ../SocNiosBSP/\libhal_bsp.a(alt_irq_entry.o)
 .text          0x0000000000042bb8        0x0 ../SocNiosBSP/\libhal_bsp.a(alt_irq_handler.o)
 .text          0x0000000000042bb8        0x0 ../SocNiosBSP/\libhal_bsp.a(alt_irq_vars.o)
 .text          0x0000000000042bb8       0x4c ../SocNiosBSP/\libhal_bsp.a(alt_main.o)
                0x0000000000042bb8                alt_main
 .text          0x0000000000042c04      0x244 ../SocNiosBSP/\libhal_bsp.a(alt_printf.o)
                0x0000000000042c04                alt_printf
 .text          0x0000000000042e48       0x44 ../SocNiosBSP/\libhal_bsp.a(alt_putchar.o)
                0x0000000000042e48                alt_putchar
 .text          0x0000000000042e8c       0x30 ../SocNiosBSP/\libhal_bsp.a(alt_usleep.o)
                0x0000000000042e8c                usleep
 .text          0x0000000000042ebc      0x140 ../SocNiosBSP/\libhal_bsp.a(alt_write.o)
                0x0000000000042f0c                write
 .text          0x0000000000042ffc       0xc0 ../SocNiosBSP/\libhal_bsp.a(alt_sys_init.o)
                0x0000000000043034                alt_irq_init
                0x0000000000043068                alt_sys_init
 .text          0x00000000000430bc       0xc0 ../SocNiosBSP/\libhal_bsp.a(altera_avalon_jtag_uart_fd.o)
                0x00000000000430bc                altera_avalon_jtag_uart_read_fd
                0x000000000004311c                altera_avalon_jtag_uart_write_fd
 .text          0x000000000004317c       0xf4 ../SocNiosBSP/\libhal_bsp.a(altera_avalon_jtag_uart_read.o)
                0x000000000004317c                altera_avalon_jtag_uart_read
 .text          0x0000000000043270       0x98 ../SocNiosBSP/\libhal_bsp.a(altera_avalon_jtag_uart_write.o)
                0x0000000000043270                altera_avalon_jtag_uart_write
 .text          0x0000000000043308      0x110 ../SocNiosBSP/\libhal_bsp.a(altera_avalon_uart_fd.o)
                0x0000000000043308                altera_avalon_uart_read_fd
                0x0000000000043368                altera_avalon_uart_write_fd
                0x00000000000433c8                altera_avalon_uart_close_fd
 .text          0x0000000000043418      0x3a8 ../SocNiosBSP/\libhal_bsp.a(altera_avalon_uart_init.o)
                0x0000000000043418                altera_avalon_uart_init
                0x000000000004376c                altera_avalon_uart_close
 .text          0x00000000000437c0      0x230 ../SocNiosBSP/\libhal_bsp.a(altera_avalon_uart_read.o)
                0x0000000000043810                altera_avalon_uart_read
 .text          0x00000000000439f0      0x1f8 ../SocNiosBSP/\libhal_bsp.a(altera_avalon_uart_write.o)
                0x0000000000043a40                altera_avalon_uart_write
 .text          0x0000000000043be8      0x154 ../SocNiosBSP/\libhal_bsp.a(alt_busy_sleep.o)
                0x0000000000043be8                alt_busy_sleep
 .text          0x0000000000043d3c       0x2c ../SocNiosBSP/\libhal_bsp.a(alt_dev.o)
 .text          0x0000000000043d68       0xf0 ../SocNiosBSP/\libhal_bsp.a(alt_dev_llist_insert.o)
                0x0000000000043db8                alt_dev_llist_insert
 .text          0x0000000000043e58        0x0 ../SocNiosBSP/\libhal_bsp.a(alt_errno.o)
 .text          0x0000000000043e58        0x0 ../SocNiosBSP/\libhal_bsp.a(alt_exception_entry.o)
 .text          0x0000000000043e58       0x20 ../SocNiosBSP/\libhal_bsp.a(altera_nios2_qsys_irq.o)
                0x0000000000043e58                altera_nios2_qsys_irq_init
 *(.gnu.warning.*)
 *(.fini)
                0x0000000000043e78                PROVIDE (__etext, ABSOLUTE (.))
                0x0000000000043e78                PROVIDE (_etext, ABSOLUTE (.))
                0x0000000000043e78                PROVIDE (etext, ABSOLUTE (.))
 *(.eh_frame_hdr)
                0x0000000000043e78                . = ALIGN (0x4)
                0x0000000000043e78                PROVIDE (__preinit_array_start, ABSOLUTE (.))
 *(.preinit_array)
                0x0000000000043e78                PROVIDE (__preinit_array_end, ABSOLUTE (.))
                0x0000000000043e78                PROVIDE (__init_array_start, ABSOLUTE (.))
 *(.init_array)
                0x0000000000043e78                PROVIDE (__init_array_end, ABSOLUTE (.))
                0x0000000000043e78                PROVIDE (__fini_array_start, ABSOLUTE (.))
 *(.fini_array)
                0x0000000000043e78                PROVIDE (__fini_array_end, ABSOLUTE (.))
 *(.eh_frame)
 *(.gcc_except_table .gcc_except_table.*)
 *(.dynamic)
                0x0000000000043e78                PROVIDE (__CTOR_LIST__, ABSOLUTE (.))
 *(.ctors)
 *(SORT(.ctors.*))
                0x0000000000043e78                PROVIDE (__CTOR_END__, ABSOLUTE (.))
                0x0000000000043e78                PROVIDE (__DTOR_LIST__, ABSOLUTE (.))
 *(.dtors)
 *(SORT(.dtors.*))
                0x0000000000043e78                PROVIDE (__DTOR_END__, ABSOLUTE (.))
 *(.jcr)
                0x0000000000043e78                . = ALIGN (0x4)

.rodata         0x0000000000043e78      0x1fc
                0x0000000000043e78                PROVIDE (__ram_rodata_start, ABSOLUTE (.))
                0x0000000000043e78                . = ALIGN (0x4)
 *(.rodata .rodata.* .gnu.linkonce.r.*)
 .rodata        0x0000000000043e78        0x4 obj/default/interrupt_handler_uart.o
 .rodata        0x0000000000043e7c       0xac obj/default/main.o
 .rodata        0x0000000000043f28       0x10 c:/altera/14.0/nios2eds/bin/gnu/h-x86_64-mingw32/bin/../lib/gcc/nios2-elf/4.7.3/mno-hw-mul\libgcc.a(_thenan_sf.o)
                0x0000000000043f28                __thenan_sf
 .rodata        0x0000000000043f38       0x14 c:/altera/14.0/nios2eds/bin/gnu/h-x86_64-mingw32/bin/../lib/gcc/nios2-elf/4.7.3/mno-hw-mul\libgcc.a(_thenan_df.o)
                0x0000000000043f38                __thenan_df
 .rodata        0x0000000000043f4c      0x100 c:/altera/14.0/nios2eds/bin/gnu/h-x86_64-mingw32/bin/../lib/gcc/nios2-elf/4.7.3/mno-hw-mul\libgcc.a(_clz.o)
                0x0000000000043f4c                __clz_tab
 .rodata        0x000000000004404c       0x1c ../SocNiosBSP/\libhal_bsp.a(alt_sys_init.o)
 .rodata        0x0000000000044068        0xc ../SocNiosBSP/\libhal_bsp.a(alt_dev.o)
 *(.rodata1)
                0x0000000000044074                . = ALIGN (0x4)
                0x0000000000044074                PROVIDE (__ram_rodata_end, ABSOLUTE (.))
                0x0000000000043e78                PROVIDE (__flash_rodata_start, LOADADDR (.rodata))

.rwdata         0x0000000000044074      0x3d0
                0x0000000000044074                PROVIDE (__ram_rwdata_start, ABSOLUTE (.))
                0x0000000000044074                . = ALIGN (0x4)
 *(.got.plt)
 *(.got)
 *(.data1)
 *(.data .data.* .gnu.linkonce.d.*)
 .data          0x0000000000044074        0x0 ../SocNiosBSP//obj/HAL/src/crt0.o
 .data          0x0000000000044074        0x0 obj/default/interrupt_handler_uart.o
 .data          0x0000000000044074        0x0 obj/default/main.o
 .data          0x0000000000044074        0x0 c:/altera/14.0/nios2eds/bin/gnu/h-x86_64-mingw32/bin/../lib/gcc/nios2-elf/4.7.3/mno-hw-mul\libgcc.a(_div_sf.o)
 .data          0x0000000000044074        0x0 c:/altera/14.0/nios2eds/bin/gnu/h-x86_64-mingw32/bin/../lib/gcc/nios2-elf/4.7.3/mno-hw-mul\libgcc.a(_sf_to_df.o)
 .data          0x0000000000044074        0x0 c:/altera/14.0/nios2eds/bin/gnu/h-x86_64-mingw32/bin/../lib/gcc/nios2-elf/4.7.3/mno-hw-mul\libgcc.a(_thenan_sf.o)
 .data          0x0000000000044074        0x0 c:/altera/14.0/nios2eds/bin/gnu/h-x86_64-mingw32/bin/../lib/gcc/nios2-elf/4.7.3/mno-hw-mul\libgcc.a(_usi_to_sf.o)
 .data          0x0000000000044074        0x0 c:/altera/14.0/nios2eds/bin/gnu/h-x86_64-mingw32/bin/../lib/gcc/nios2-elf/4.7.3/mno-hw-mul\libgcc.a(_addsub_df.o)
 .data          0x0000000000044074        0x0 c:/altera/14.0/nios2eds/bin/gnu/h-x86_64-mingw32/bin/../lib/gcc/nios2-elf/4.7.3/mno-hw-mul\libgcc.a(_df_to_si.o)
 .data          0x0000000000044074        0x0 c:/altera/14.0/nios2eds/bin/gnu/h-x86_64-mingw32/bin/../lib/gcc/nios2-elf/4.7.3/mno-hw-mul\libgcc.a(_make_df.o)
 .data          0x0000000000044074        0x0 c:/altera/14.0/nios2eds/bin/gnu/h-x86_64-mingw32/bin/../lib/gcc/nios2-elf/4.7.3/mno-hw-mul\libgcc.a(_thenan_df.o)
 .data          0x0000000000044074        0x0 c:/altera/14.0/nios2eds/bin/gnu/h-x86_64-mingw32/bin/../lib/gcc/nios2-elf/4.7.3/mno-hw-mul\libgcc.a(lib2-divmod.o)
 .data          0x0000000000044074        0x0 c:/altera/14.0/nios2eds/bin/gnu/h-x86_64-mingw32/bin/../lib/gcc/nios2-elf/4.7.3/mno-hw-mul\libgcc.a(lib2-mul.o)
 .data          0x0000000000044074        0x0 c:/altera/14.0/nios2eds/bin/gnu/h-x86_64-mingw32/bin/../lib/gcc/nios2-elf/4.7.3/mno-hw-mul\libgcc.a(_clzsi2.o)
 .data          0x0000000000044074        0x0 c:/altera/14.0/nios2eds/bin/gnu/h-x86_64-mingw32/bin/../lib/gcc/nios2-elf/4.7.3/mno-hw-mul\libgcc.a(_pack_sf.o)
 .data          0x0000000000044074        0x0 c:/altera/14.0/nios2eds/bin/gnu/h-x86_64-mingw32/bin/../lib/gcc/nios2-elf/4.7.3/mno-hw-mul\libgcc.a(_unpack_sf.o)
 .data          0x0000000000044074        0x0 c:/altera/14.0/nios2eds/bin/gnu/h-x86_64-mingw32/bin/../lib/gcc/nios2-elf/4.7.3/mno-hw-mul\libgcc.a(_pack_df.o)
 .data          0x0000000000044074        0x0 c:/altera/14.0/nios2eds/bin/gnu/h-x86_64-mingw32/bin/../lib/gcc/nios2-elf/4.7.3/mno-hw-mul\libgcc.a(_unpack_df.o)
 .data          0x0000000000044074        0x0 c:/altera/14.0/nios2eds/bin/gnu/h-x86_64-mingw32/bin/../lib/gcc/nios2-elf/4.7.3/mno-hw-mul\libgcc.a(_lshrdi3.o)
 .data          0x0000000000044074        0x0 c:/altera/14.0/nios2eds/bin/gnu/h-x86_64-mingw32/bin/../lib/gcc/nios2-elf/4.7.3/mno-hw-mul\libgcc.a(_ashldi3.o)
 .data          0x0000000000044074        0x0 c:/altera/14.0/nios2eds/bin/gnu/h-x86_64-mingw32/bin/../lib/gcc/nios2-elf/4.7.3/mno-hw-mul\libgcc.a(_clz.o)
 .data          0x0000000000044074       0xe0 c:/altera/14.0/nios2eds/bin/gnu/h-x86_64-mingw32/bin/../lib/gcc/nios2-elf/4.7.3/../../../../../H-x86_64-mingw32/nios2-elf/lib/mno-hw-mul\libsmallc.a(lib_a-impure.o)
 .data          0x0000000000044154        0x0 c:/altera/14.0/nios2eds/bin/gnu/h-x86_64-mingw32/bin/../lib/gcc/nios2-elf/4.7.3/../../../../../H-x86_64-mingw32/nios2-elf/lib/mno-hw-mul\libsmallc.a(lib_a-memset.o)
 .data          0x0000000000044154        0x0 c:/altera/14.0/nios2eds/bin/gnu/h-x86_64-mingw32/bin/../lib/gcc/nios2-elf/4.7.3/../../../../../H-x86_64-mingw32/nios2-elf/lib/mno-hw-mul\libsmallc.a(lib_a-putc.o)
 .data          0x0000000000044154        0x0 c:/altera/14.0/nios2eds/bin/gnu/h-x86_64-mingw32/bin/../lib/gcc/nios2-elf/4.7.3/../../../../../H-x86_64-mingw32/nios2-elf/lib/mno-hw-mul\libsmallc.a(lib_a-strncmp.o)
 .data          0x0000000000044154        0x0 c:/altera/14.0/nios2eds/bin/gnu/h-x86_64-mingw32/bin/../lib/gcc/nios2-elf/4.7.3/../../../../../H-x86_64-mingw32/nios2-elf/lib/mno-hw-mul\libsmallc.a(lib_a-fvwrite_small_dev.o)
 .data          0x0000000000044154        0x0 c:/altera/14.0/nios2eds/bin/gnu/h-x86_64-mingw32/bin/../lib/gcc/nios2-elf/4.7.3/../../../../../H-x86_64-mingw32/nios2-elf/lib/mno-hw-mul\libsmallc.a(lib_a-writer.o)
 .data          0x0000000000044154        0x0 c:/altera/14.0/nios2eds/bin/gnu/h-x86_64-mingw32/bin/../lib/gcc/nios2-elf/4.7.3/../../../../../H-x86_64-mingw32/nios2-elf/lib/mno-hw-mul\libsmallc.a(lib_a-int_errno.o)
 .data          0x0000000000044154        0x0 ../SocNiosBSP/\libhal_bsp.a(alt_iic.o)
 .data          0x0000000000044154        0x0 ../SocNiosBSP/\libhal_bsp.a(alt_iic_isr_register.o)
 .data          0x0000000000044154        0x0 ../SocNiosBSP/\libhal_bsp.a(alt_irq_entry.o)
 .data          0x0000000000044154        0x0 ../SocNiosBSP/\libhal_bsp.a(alt_irq_handler.o)
 .data          0x0000000000044154        0x0 ../SocNiosBSP/\libhal_bsp.a(alt_irq_vars.o)
 .data          0x0000000000044154        0x0 ../SocNiosBSP/\libhal_bsp.a(alt_main.o)
 .data          0x0000000000044154        0x0 ../SocNiosBSP/\libhal_bsp.a(alt_printf.o)
 .data          0x0000000000044154        0x0 ../SocNiosBSP/\libhal_bsp.a(alt_putchar.o)
 .data          0x0000000000044154        0x0 ../SocNiosBSP/\libhal_bsp.a(alt_usleep.o)
 .data          0x0000000000044154        0x0 ../SocNiosBSP/\libhal_bsp.a(alt_write.o)
 .data          0x0000000000044154       0xf0 ../SocNiosBSP/\libhal_bsp.a(alt_sys_init.o)
 .data          0x0000000000044244        0x0 ../SocNiosBSP/\libhal_bsp.a(altera_avalon_jtag_uart_fd.o)
 .data          0x0000000000044244        0x0 ../SocNiosBSP/\libhal_bsp.a(altera_avalon_jtag_uart_read.o)
 .data          0x0000000000044244        0x0 ../SocNiosBSP/\libhal_bsp.a(altera_avalon_jtag_uart_write.o)
 .data          0x0000000000044244        0x0 ../SocNiosBSP/\libhal_bsp.a(altera_avalon_uart_fd.o)
 .data          0x0000000000044244        0x0 ../SocNiosBSP/\libhal_bsp.a(altera_avalon_uart_init.o)
 .data          0x0000000000044244        0x0 ../SocNiosBSP/\libhal_bsp.a(altera_avalon_uart_read.o)
 .data          0x0000000000044244        0x0 ../SocNiosBSP/\libhal_bsp.a(altera_avalon_uart_write.o)
 .data          0x0000000000044244        0x0 ../SocNiosBSP/\libhal_bsp.a(alt_busy_sleep.o)
 .data          0x0000000000044244      0x1a8 ../SocNiosBSP/\libhal_bsp.a(alt_dev.o)
                0x0000000000044244                alt_dev_null
                0x000000000004426c                alt_fd_list
 .data          0x00000000000443ec        0x0 ../SocNiosBSP/\libhal_bsp.a(alt_dev_llist_insert.o)
 .data          0x00000000000443ec        0x0 ../SocNiosBSP/\libhal_bsp.a(alt_errno.o)
 .data          0x00000000000443ec        0x0 ../SocNiosBSP/\libhal_bsp.a(alt_exception_entry.o)
 .data          0x00000000000443ec        0x0 ../SocNiosBSP/\libhal_bsp.a(altera_nios2_qsys_irq.o)
                0x000000000004c3ec                _gp = ABSOLUTE ((. + 0x8000))
                0x000000000004c3ec                PROVIDE (gp, _gp)
 *(.rwdata .rwdata.*)
 *(.sdata .sdata.* .gnu.linkonce.s.*)
 .sdata         0x00000000000443ec       0x34 obj/default/main.o
                0x00000000000443ec                TIME_SCALER
                0x00000000000443f0                TEST_DURATION
                0x00000000000443f4                HOLD_TIME
                0x00000000000443f8                BURST_WRITE
                0x00000000000443fc                INT_A_PERIOD
                0x0000000000044400                INT_B_PERIOD
                0x0000000000044404                INT_C_PERIOD
                0x0000000000044408                INT_D_PERIOD
                0x000000000004440c                uart
                0x0000000000044410                error
                0x0000000000044418                unknown
 .sdata         0x0000000000044420        0x8 c:/altera/14.0/nios2eds/bin/gnu/h-x86_64-mingw32/bin/../lib/gcc/nios2-elf/4.7.3/../../../../../H-x86_64-mingw32/nios2-elf/lib/mno-hw-mul\libsmallc.a(lib_a-impure.o)
                0x0000000000044420                _global_impure_ptr
                0x0000000000044424                _impure_ptr
 .sdata         0x0000000000044428        0x4 ../SocNiosBSP/\libhal_bsp.a(alt_irq_vars.o)
                0x0000000000044428                alt_priority_mask
 .sdata         0x000000000004442c       0x14 ../SocNiosBSP/\libhal_bsp.a(alt_dev.o)
                0x000000000004442c                alt_fs_list
                0x0000000000044434                alt_dev_list
                0x000000000004443c                alt_max_fd
 .sdata         0x0000000000044440        0x4 ../SocNiosBSP/\libhal_bsp.a(alt_errno.o)
                0x0000000000044440                alt_errno
 *(.sdata2 .sdata2.* .gnu.linkonce.s2.*)
                0x0000000000044444                . = ALIGN (0x4)
                0x0000000000044444                _edata = ABSOLUTE (.)
                0x0000000000044444                PROVIDE (edata, ABSOLUTE (.))
                0x0000000000044444                PROVIDE (__ram_rwdata_end, ABSOLUTE (.))
                0x0000000000044074                PROVIDE (__flash_rwdata_start, LOADADDR (.rwdata))

.bss            0x0000000000044444      0x958
                0x0000000000044444                __bss_start = ABSOLUTE (.)
                0x0000000000044444                PROVIDE (__sbss_start, ABSOLUTE (.))
                0x0000000000044444                PROVIDE (___sbss_start, ABSOLUTE (.))
 *(.dynsbss)
 *(.sbss .sbss.* .gnu.linkonce.sb.*)
 .sbss          0x0000000000044444        0xa obj/default/interrupt_handler_uart.o
                0x0000000000044444                TxHead_1
                0x0000000000044446                TxTail_1
                0x0000000000044448                RxHead_1
                0x000000000004444a                RxTail_1
                0x000000000004444c                received_word
 *fill*         0x000000000004444e        0x2 
 .sbss          0x0000000000044450        0x4 obj/default/main.o
                0x0000000000044450                context_uart0
 .sbss          0x0000000000044454        0x4 c:/altera/14.0/nios2eds/bin/gnu/h-x86_64-mingw32/bin/../lib/gcc/nios2-elf/4.7.3/../../../../../H-x86_64-mingw32/nios2-elf/lib/mno-hw-mul\libsmallc.a(lib_a-int_errno.o)
                0x0000000000044454                errno
 .sbss          0x0000000000044458        0x4 ../SocNiosBSP/\libhal_bsp.a(alt_irq_vars.o)
                0x0000000000044458                alt_irq_active
 .sbss          0x000000000004445c        0xc ../SocNiosBSP/\libhal_bsp.a(alt_main.o)
                0x000000000004445c                alt_argc
                0x0000000000044460                alt_argv
                0x0000000000044464                alt_envp
 *(.sbss2 .sbss2.* .gnu.linkonce.sb2.*)
 *(.scommon)
                0x0000000000044468                PROVIDE (__sbss_end, ABSOLUTE (.))
                0x0000000000044468                PROVIDE (___sbss_end, ABSOLUTE (.))
 *(.dynbss)
 *(.bss .bss.* .gnu.linkonce.b.*)
 .bss           0x0000000000044468        0x0 ../SocNiosBSP//obj/HAL/src/crt0.o
 .bss           0x0000000000044468        0x0 obj/default/interrupt_handler_uart.o
 .bss           0x0000000000044468        0x0 obj/default/main.o
 .bss           0x0000000000044468        0x0 c:/altera/14.0/nios2eds/bin/gnu/h-x86_64-mingw32/bin/../lib/gcc/nios2-elf/4.7.3/mno-hw-mul\libgcc.a(_div_sf.o)
 .bss           0x0000000000044468        0x0 c:/altera/14.0/nios2eds/bin/gnu/h-x86_64-mingw32/bin/../lib/gcc/nios2-elf/4.7.3/mno-hw-mul\libgcc.a(_sf_to_df.o)
 .bss           0x0000000000044468        0x0 c:/altera/14.0/nios2eds/bin/gnu/h-x86_64-mingw32/bin/../lib/gcc/nios2-elf/4.7.3/mno-hw-mul\libgcc.a(_thenan_sf.o)
 .bss           0x0000000000044468        0x0 c:/altera/14.0/nios2eds/bin/gnu/h-x86_64-mingw32/bin/../lib/gcc/nios2-elf/4.7.3/mno-hw-mul\libgcc.a(_usi_to_sf.o)
 .bss           0x0000000000044468        0x0 c:/altera/14.0/nios2eds/bin/gnu/h-x86_64-mingw32/bin/../lib/gcc/nios2-elf/4.7.3/mno-hw-mul\libgcc.a(_addsub_df.o)
 .bss           0x0000000000044468        0x0 c:/altera/14.0/nios2eds/bin/gnu/h-x86_64-mingw32/bin/../lib/gcc/nios2-elf/4.7.3/mno-hw-mul\libgcc.a(_df_to_si.o)
 .bss           0x0000000000044468        0x0 c:/altera/14.0/nios2eds/bin/gnu/h-x86_64-mingw32/bin/../lib/gcc/nios2-elf/4.7.3/mno-hw-mul\libgcc.a(_make_df.o)
 .bss           0x0000000000044468        0x0 c:/altera/14.0/nios2eds/bin/gnu/h-x86_64-mingw32/bin/../lib/gcc/nios2-elf/4.7.3/mno-hw-mul\libgcc.a(_thenan_df.o)
 .bss           0x0000000000044468        0x0 c:/altera/14.0/nios2eds/bin/gnu/h-x86_64-mingw32/bin/../lib/gcc/nios2-elf/4.7.3/mno-hw-mul\libgcc.a(lib2-divmod.o)
 .bss           0x0000000000044468        0x0 c:/altera/14.0/nios2eds/bin/gnu/h-x86_64-mingw32/bin/../lib/gcc/nios2-elf/4.7.3/mno-hw-mul\libgcc.a(lib2-mul.o)
 .bss           0x0000000000044468        0x0 c:/altera/14.0/nios2eds/bin/gnu/h-x86_64-mingw32/bin/../lib/gcc/nios2-elf/4.7.3/mno-hw-mul\libgcc.a(_clzsi2.o)
 .bss           0x0000000000044468        0x0 c:/altera/14.0/nios2eds/bin/gnu/h-x86_64-mingw32/bin/../lib/gcc/nios2-elf/4.7.3/mno-hw-mul\libgcc.a(_pack_sf.o)
 .bss           0x0000000000044468        0x0 c:/altera/14.0/nios2eds/bin/gnu/h-x86_64-mingw32/bin/../lib/gcc/nios2-elf/4.7.3/mno-hw-mul\libgcc.a(_unpack_sf.o)
 .bss           0x0000000000044468        0x0 c:/altera/14.0/nios2eds/bin/gnu/h-x86_64-mingw32/bin/../lib/gcc/nios2-elf/4.7.3/mno-hw-mul\libgcc.a(_pack_df.o)
 .bss           0x0000000000044468        0x0 c:/altera/14.0/nios2eds/bin/gnu/h-x86_64-mingw32/bin/../lib/gcc/nios2-elf/4.7.3/mno-hw-mul\libgcc.a(_unpack_df.o)
 .bss           0x0000000000044468        0x0 c:/altera/14.0/nios2eds/bin/gnu/h-x86_64-mingw32/bin/../lib/gcc/nios2-elf/4.7.3/mno-hw-mul\libgcc.a(_lshrdi3.o)
 .bss           0x0000000000044468        0x0 c:/altera/14.0/nios2eds/bin/gnu/h-x86_64-mingw32/bin/../lib/gcc/nios2-elf/4.7.3/mno-hw-mul\libgcc.a(_ashldi3.o)
 .bss           0x0000000000044468        0x0 c:/altera/14.0/nios2eds/bin/gnu/h-x86_64-mingw32/bin/../lib/gcc/nios2-elf/4.7.3/mno-hw-mul\libgcc.a(_clz.o)
 .bss           0x0000000000044468        0x0 c:/altera/14.0/nios2eds/bin/gnu/h-x86_64-mingw32/bin/../lib/gcc/nios2-elf/4.7.3/../../../../../H-x86_64-mingw32/nios2-elf/lib/mno-hw-mul\libsmallc.a(lib_a-impure.o)
 .bss           0x0000000000044468        0x0 c:/altera/14.0/nios2eds/bin/gnu/h-x86_64-mingw32/bin/../lib/gcc/nios2-elf/4.7.3/../../../../../H-x86_64-mingw32/nios2-elf/lib/mno-hw-mul\libsmallc.a(lib_a-memset.o)
 .bss           0x0000000000044468        0x0 c:/altera/14.0/nios2eds/bin/gnu/h-x86_64-mingw32/bin/../lib/gcc/nios2-elf/4.7.3/../../../../../H-x86_64-mingw32/nios2-elf/lib/mno-hw-mul\libsmallc.a(lib_a-putc.o)
 .bss           0x0000000000044468        0x0 c:/altera/14.0/nios2eds/bin/gnu/h-x86_64-mingw32/bin/../lib/gcc/nios2-elf/4.7.3/../../../../../H-x86_64-mingw32/nios2-elf/lib/mno-hw-mul\libsmallc.a(lib_a-strncmp.o)
 .bss           0x0000000000044468        0x0 c:/altera/14.0/nios2eds/bin/gnu/h-x86_64-mingw32/bin/../lib/gcc/nios2-elf/4.7.3/../../../../../H-x86_64-mingw32/nios2-elf/lib/mno-hw-mul\libsmallc.a(lib_a-fvwrite_small_dev.o)
 .bss           0x0000000000044468        0x0 c:/altera/14.0/nios2eds/bin/gnu/h-x86_64-mingw32/bin/../lib/gcc/nios2-elf/4.7.3/../../../../../H-x86_64-mingw32/nios2-elf/lib/mno-hw-mul\libsmallc.a(lib_a-writer.o)
 .bss           0x0000000000044468        0x0 c:/altera/14.0/nios2eds/bin/gnu/h-x86_64-mingw32/bin/../lib/gcc/nios2-elf/4.7.3/../../../../../H-x86_64-mingw32/nios2-elf/lib/mno-hw-mul\libsmallc.a(lib_a-int_errno.o)
 .bss           0x0000000000044468        0x0 ../SocNiosBSP/\libhal_bsp.a(alt_iic.o)
 .bss           0x0000000000044468        0x0 ../SocNiosBSP/\libhal_bsp.a(alt_iic_isr_register.o)
 .bss           0x0000000000044468        0x0 ../SocNiosBSP/\libhal_bsp.a(alt_irq_entry.o)
 .bss           0x0000000000044468        0x0 ../SocNiosBSP/\libhal_bsp.a(alt_irq_handler.o)
 .bss           0x0000000000044468        0x0 ../SocNiosBSP/\libhal_bsp.a(alt_irq_vars.o)
 .bss           0x0000000000044468        0x0 ../SocNiosBSP/\libhal_bsp.a(alt_main.o)
 .bss           0x0000000000044468        0x0 ../SocNiosBSP/\libhal_bsp.a(alt_printf.o)
 .bss           0x0000000000044468        0x0 ../SocNiosBSP/\libhal_bsp.a(alt_putchar.o)
 .bss           0x0000000000044468        0x0 ../SocNiosBSP/\libhal_bsp.a(alt_usleep.o)
 .bss           0x0000000000044468        0x0 ../SocNiosBSP/\libhal_bsp.a(alt_write.o)
 .bss           0x0000000000044468        0x0 ../SocNiosBSP/\libhal_bsp.a(alt_sys_init.o)
 .bss           0x0000000000044468        0x0 ../SocNiosBSP/\libhal_bsp.a(altera_avalon_jtag_uart_fd.o)
 .bss           0x0000000000044468        0x0 ../SocNiosBSP/\libhal_bsp.a(altera_avalon_jtag_uart_read.o)
 .bss           0x0000000000044468        0x0 ../SocNiosBSP/\libhal_bsp.a(altera_avalon_jtag_uart_write.o)
 .bss           0x0000000000044468        0x0 ../SocNiosBSP/\libhal_bsp.a(altera_avalon_uart_fd.o)
 .bss           0x0000000000044468        0x0 ../SocNiosBSP/\libhal_bsp.a(altera_avalon_uart_init.o)
 .bss           0x0000000000044468        0x0 ../SocNiosBSP/\libhal_bsp.a(altera_avalon_uart_read.o)
 .bss           0x0000000000044468        0x0 ../SocNiosBSP/\libhal_bsp.a(altera_avalon_uart_write.o)
 .bss           0x0000000000044468        0x0 ../SocNiosBSP/\libhal_bsp.a(alt_busy_sleep.o)
 .bss           0x0000000000044468        0x0 ../SocNiosBSP/\libhal_bsp.a(alt_dev.o)
 .bss           0x0000000000044468        0x0 ../SocNiosBSP/\libhal_bsp.a(alt_dev_llist_insert.o)
 .bss           0x0000000000044468        0x0 ../SocNiosBSP/\libhal_bsp.a(alt_errno.o)
 .bss           0x0000000000044468        0x0 ../SocNiosBSP/\libhal_bsp.a(alt_exception_entry.o)
 .bss           0x0000000000044468        0x0 ../SocNiosBSP/\libhal_bsp.a(altera_nios2_qsys_irq.o)
 *(COMMON)
 COMMON         0x0000000000044468      0x800 obj/default/interrupt_handler_uart.o
                0x0000000000044468                rx_buffer_1
                0x0000000000044868                tx_buffer_1
 COMMON         0x0000000000044c68       0x32 obj/default/main.o
                0x0000000000044c68                buffer
 *fill*         0x0000000000044c9a        0x2 
 COMMON         0x0000000000044c9c      0x100 ../SocNiosBSP/\libhal_bsp.a(alt_irq_handler.o)
                0x0000000000044c9c                alt_irq
                0x0000000000044d9c                . = ALIGN (0x4)
                0x0000000000044d9c                __bss_end = ABSOLUTE (.)

.data_memory    0x0000000000000000        0x0
                0x0000000000000000                PROVIDE (_alt_partition_data_memory_start, ABSOLUTE (.))
 *(.data_memory .data_memory. data_memory.*)
                0x0000000000000000                . = ALIGN (0x4)
                0x0000000000000000                PROVIDE (_alt_partition_data_memory_end, ABSOLUTE (.))
                0x0000000000000000                PROVIDE (_alt_partition_data_memory_load_addr, LOADADDR (.data_memory))

.cpu_memory     0x0000000000044d9c        0x0
                0x0000000000044d9c                PROVIDE (_alt_partition_cpu_memory_start, ABSOLUTE (.))
 *(.cpu_memory .cpu_memory. cpu_memory.*)
                0x0000000000044d9c                . = ALIGN (0x4)
                0x0000000000044d9c                PROVIDE (_alt_partition_cpu_memory_end, ABSOLUTE (.))
                0x0000000000044d9c                _end = ABSOLUTE (.)
                0x0000000000044d9c                end = ABSOLUTE (.)
                0x0000000000044d9c                __alt_stack_base = ABSOLUTE (.)
                0x0000000000044d9c                PROVIDE (_alt_partition_cpu_memory_load_addr, LOADADDR (.cpu_memory))

.stab
 *(.stab)

.stabstr
 *(.stabstr)

.stab.excl
 *(.stab.excl)

.stab.exclstr
 *(.stab.exclstr)

.stab.index
 *(.stab.index)

.stab.indexstr
 *(.stab.indexstr)

.comment        0x0000000000000000       0x23
 *(.comment)
 .comment       0x0000000000000000       0x23 obj/default/interrupt_handler_uart.o
                                         0x24 (size before relaxing)
 .comment       0x0000000000000000       0x24 obj/default/main.o
 .comment       0x0000000000000000       0x24 c:/altera/14.0/nios2eds/bin/gnu/h-x86_64-mingw32/bin/../lib/gcc/nios2-elf/4.7.3/mno-hw-mul\libgcc.a(_div_sf.o)
 .comment       0x0000000000000000       0x24 c:/altera/14.0/nios2eds/bin/gnu/h-x86_64-mingw32/bin/../lib/gcc/nios2-elf/4.7.3/mno-hw-mul\libgcc.a(_sf_to_df.o)
 .comment       0x0000000000000000       0x24 c:/altera/14.0/nios2eds/bin/gnu/h-x86_64-mingw32/bin/../lib/gcc/nios2-elf/4.7.3/mno-hw-mul\libgcc.a(_thenan_sf.o)
 .comment       0x0000000000000000       0x24 c:/altera/14.0/nios2eds/bin/gnu/h-x86_64-mingw32/bin/../lib/gcc/nios2-elf/4.7.3/mno-hw-mul\libgcc.a(_usi_to_sf.o)
 .comment       0x0000000000000000       0x24 c:/altera/14.0/nios2eds/bin/gnu/h-x86_64-mingw32/bin/../lib/gcc/nios2-elf/4.7.3/mno-hw-mul\libgcc.a(_addsub_df.o)
 .comment       0x0000000000000000       0x24 c:/altera/14.0/nios2eds/bin/gnu/h-x86_64-mingw32/bin/../lib/gcc/nios2-elf/4.7.3/mno-hw-mul\libgcc.a(_df_to_si.o)
 .comment       0x0000000000000000       0x24 c:/altera/14.0/nios2eds/bin/gnu/h-x86_64-mingw32/bin/../lib/gcc/nios2-elf/4.7.3/mno-hw-mul\libgcc.a(_make_df.o)
 .comment       0x0000000000000000       0x24 c:/altera/14.0/nios2eds/bin/gnu/h-x86_64-mingw32/bin/../lib/gcc/nios2-elf/4.7.3/mno-hw-mul\libgcc.a(_thenan_df.o)
 .comment       0x0000000000000000       0x24 c:/altera/14.0/nios2eds/bin/gnu/h-x86_64-mingw32/bin/../lib/gcc/nios2-elf/4.7.3/mno-hw-mul\libgcc.a(lib2-divmod.o)
 .comment       0x0000000000000000       0x24 c:/altera/14.0/nios2eds/bin/gnu/h-x86_64-mingw32/bin/../lib/gcc/nios2-elf/4.7.3/mno-hw-mul\libgcc.a(lib2-mul.o)
 .comment       0x0000000000000000       0x24 c:/altera/14.0/nios2eds/bin/gnu/h-x86_64-mingw32/bin/../lib/gcc/nios2-elf/4.7.3/mno-hw-mul\libgcc.a(_clzsi2.o)
 .comment       0x0000000000000000       0x24 c:/altera/14.0/nios2eds/bin/gnu/h-x86_64-mingw32/bin/../lib/gcc/nios2-elf/4.7.3/mno-hw-mul\libgcc.a(_pack_sf.o)
 .comment       0x0000000000000000       0x24 c:/altera/14.0/nios2eds/bin/gnu/h-x86_64-mingw32/bin/../lib/gcc/nios2-elf/4.7.3/mno-hw-mul\libgcc.a(_unpack_sf.o)
 .comment       0x0000000000000000       0x24 c:/altera/14.0/nios2eds/bin/gnu/h-x86_64-mingw32/bin/../lib/gcc/nios2-elf/4.7.3/mno-hw-mul\libgcc.a(_pack_df.o)
 .comment       0x0000000000000000       0x24 c:/altera/14.0/nios2eds/bin/gnu/h-x86_64-mingw32/bin/../lib/gcc/nios2-elf/4.7.3/mno-hw-mul\libgcc.a(_unpack_df.o)
 .comment       0x0000000000000000       0x24 c:/altera/14.0/nios2eds/bin/gnu/h-x86_64-mingw32/bin/../lib/gcc/nios2-elf/4.7.3/mno-hw-mul\libgcc.a(_lshrdi3.o)
 .comment       0x0000000000000000       0x24 c:/altera/14.0/nios2eds/bin/gnu/h-x86_64-mingw32/bin/../lib/gcc/nios2-elf/4.7.3/mno-hw-mul\libgcc.a(_ashldi3.o)
 .comment       0x0000000000000000       0x24 c:/altera/14.0/nios2eds/bin/gnu/h-x86_64-mingw32/bin/../lib/gcc/nios2-elf/4.7.3/mno-hw-mul\libgcc.a(_clz.o)
 .comment       0x0000000000000000       0x24 c:/altera/14.0/nios2eds/bin/gnu/h-x86_64-mingw32/bin/../lib/gcc/nios2-elf/4.7.3/../../../../../H-x86_64-mingw32/nios2-elf/lib/mno-hw-mul\libsmallc.a(lib_a-impure.o)
 .comment       0x0000000000000000       0x24 c:/altera/14.0/nios2eds/bin/gnu/h-x86_64-mingw32/bin/../lib/gcc/nios2-elf/4.7.3/../../../../../H-x86_64-mingw32/nios2-elf/lib/mno-hw-mul\libsmallc.a(lib_a-memset.o)
 .comment       0x0000000000000000       0x24 c:/altera/14.0/nios2eds/bin/gnu/h-x86_64-mingw32/bin/../lib/gcc/nios2-elf/4.7.3/../../../../../H-x86_64-mingw32/nios2-elf/lib/mno-hw-mul\libsmallc.a(lib_a-putc.o)
 .comment       0x0000000000000000       0x24 c:/altera/14.0/nios2eds/bin/gnu/h-x86_64-mingw32/bin/../lib/gcc/nios2-elf/4.7.3/../../../../../H-x86_64-mingw32/nios2-elf/lib/mno-hw-mul\libsmallc.a(lib_a-strncmp.o)
 .comment       0x0000000000000000       0x24 c:/altera/14.0/nios2eds/bin/gnu/h-x86_64-mingw32/bin/../lib/gcc/nios2-elf/4.7.3/../../../../../H-x86_64-mingw32/nios2-elf/lib/mno-hw-mul\libsmallc.a(lib_a-fvwrite_small_dev.o)
 .comment       0x0000000000000000       0x24 c:/altera/14.0/nios2eds/bin/gnu/h-x86_64-mingw32/bin/../lib/gcc/nios2-elf/4.7.3/../../../../../H-x86_64-mingw32/nios2-elf/lib/mno-hw-mul\libsmallc.a(lib_a-writer.o)
 .comment       0x0000000000000000       0x24 c:/altera/14.0/nios2eds/bin/gnu/h-x86_64-mingw32/bin/../lib/gcc/nios2-elf/4.7.3/../../../../../H-x86_64-mingw32/nios2-elf/lib/mno-hw-mul\libsmallc.a(lib_a-int_errno.o)
 .comment       0x0000000000000000       0x24 ../SocNiosBSP/\libhal_bsp.a(alt_iic.o)
 .comment       0x0000000000000000       0x24 ../SocNiosBSP/\libhal_bsp.a(alt_iic_isr_register.o)
 .comment       0x0000000000000000       0x24 ../SocNiosBSP/\libhal_bsp.a(alt_irq_handler.o)
 .comment       0x0000000000000000       0x24 ../SocNiosBSP/\libhal_bsp.a(alt_irq_vars.o)
 .comment       0x0000000000000000       0x24 ../SocNiosBSP/\libhal_bsp.a(alt_main.o)
 .comment       0x0000000000000000       0x24 ../SocNiosBSP/\libhal_bsp.a(alt_printf.o)
 .comment       0x0000000000000000       0x24 ../SocNiosBSP/\libhal_bsp.a(alt_putchar.o)
 .comment       0x0000000000000000       0x24 ../SocNiosBSP/\libhal_bsp.a(alt_usleep.o)
 .comment       0x0000000000000000       0x24 ../SocNiosBSP/\libhal_bsp.a(alt_write.o)
 .comment       0x0000000000000000       0x24 ../SocNiosBSP/\libhal_bsp.a(alt_sys_init.o)
 .comment       0x0000000000000000       0x24 ../SocNiosBSP/\libhal_bsp.a(altera_avalon_jtag_uart_fd.o)
 .comment       0x0000000000000000       0x24 ../SocNiosBSP/\libhal_bsp.a(altera_avalon_jtag_uart_read.o)
 .comment       0x0000000000000000       0x24 ../SocNiosBSP/\libhal_bsp.a(altera_avalon_jtag_uart_write.o)
 .comment       0x0000000000000000       0x24 ../SocNiosBSP/\libhal_bsp.a(altera_avalon_uart_fd.o)
 .comment       0x0000000000000000       0x24 ../SocNiosBSP/\libhal_bsp.a(altera_avalon_uart_init.o)
 .comment       0x0000000000000000       0x24 ../SocNiosBSP/\libhal_bsp.a(altera_avalon_uart_read.o)
 .comment       0x0000000000000000       0x24 ../SocNiosBSP/\libhal_bsp.a(altera_avalon_uart_write.o)
 .comment       0x0000000000000000       0x24 ../SocNiosBSP/\libhal_bsp.a(alt_busy_sleep.o)
 .comment       0x0000000000000000       0x24 ../SocNiosBSP/\libhal_bsp.a(alt_dev.o)
 .comment       0x0000000000000000       0x24 ../SocNiosBSP/\libhal_bsp.a(alt_dev_llist_insert.o)
 .comment       0x0000000000000000       0x24 ../SocNiosBSP/\libhal_bsp.a(alt_errno.o)
 .comment       0x0000000000000000       0x24 ../SocNiosBSP/\libhal_bsp.a(altera_nios2_qsys_irq.o)

.debug
 *(.debug)

.line
 *(.line)

.debug_srcinfo
 *(.debug_srcinfo)

.debug_sfnames
 *(.debug_sfnames)

.debug_aranges  0x0000000000000000      0x678
 *(.debug_aranges)
 .debug_aranges
                0x0000000000000000       0x28 ../SocNiosBSP//obj/HAL/src/crt0.o
 .debug_aranges
                0x0000000000000028       0x20 obj/default/interrupt_handler_uart.o
 .debug_aranges
                0x0000000000000048       0x20 obj/default/main.o
 .debug_aranges
                0x0000000000000068       0x20 c:/altera/14.0/nios2eds/bin/gnu/h-x86_64-mingw32/bin/../lib/gcc/nios2-elf/4.7.3/mno-hw-mul\libgcc.a(_div_sf.o)
 .debug_aranges
                0x0000000000000088       0x20 c:/altera/14.0/nios2eds/bin/gnu/h-x86_64-mingw32/bin/../lib/gcc/nios2-elf/4.7.3/mno-hw-mul\libgcc.a(_sf_to_df.o)
 .debug_aranges
                0x00000000000000a8       0x18 c:/altera/14.0/nios2eds/bin/gnu/h-x86_64-mingw32/bin/../lib/gcc/nios2-elf/4.7.3/mno-hw-mul\libgcc.a(_thenan_sf.o)
 .debug_aranges
                0x00000000000000c0       0x20 c:/altera/14.0/nios2eds/bin/gnu/h-x86_64-mingw32/bin/../lib/gcc/nios2-elf/4.7.3/mno-hw-mul\libgcc.a(_usi_to_sf.o)
 .debug_aranges
                0x00000000000000e0       0x20 c:/altera/14.0/nios2eds/bin/gnu/h-x86_64-mingw32/bin/../lib/gcc/nios2-elf/4.7.3/mno-hw-mul\libgcc.a(_addsub_df.o)
 .debug_aranges
                0x0000000000000100       0x20 c:/altera/14.0/nios2eds/bin/gnu/h-x86_64-mingw32/bin/../lib/gcc/nios2-elf/4.7.3/mno-hw-mul\libgcc.a(_df_to_si.o)
 .debug_aranges
                0x0000000000000120       0x20 c:/altera/14.0/nios2eds/bin/gnu/h-x86_64-mingw32/bin/../lib/gcc/nios2-elf/4.7.3/mno-hw-mul\libgcc.a(_make_df.o)
 .debug_aranges
                0x0000000000000140       0x18 c:/altera/14.0/nios2eds/bin/gnu/h-x86_64-mingw32/bin/../lib/gcc/nios2-elf/4.7.3/mno-hw-mul\libgcc.a(_thenan_df.o)
 .debug_aranges
                0x0000000000000158       0x20 c:/altera/14.0/nios2eds/bin/gnu/h-x86_64-mingw32/bin/../lib/gcc/nios2-elf/4.7.3/mno-hw-mul\libgcc.a(lib2-divmod.o)
 .debug_aranges
                0x0000000000000178       0x20 c:/altera/14.0/nios2eds/bin/gnu/h-x86_64-mingw32/bin/../lib/gcc/nios2-elf/4.7.3/mno-hw-mul\libgcc.a(lib2-mul.o)
 .debug_aranges
                0x0000000000000198       0x20 c:/altera/14.0/nios2eds/bin/gnu/h-x86_64-mingw32/bin/../lib/gcc/nios2-elf/4.7.3/mno-hw-mul\libgcc.a(_clzsi2.o)
 .debug_aranges
                0x00000000000001b8       0x20 c:/altera/14.0/nios2eds/bin/gnu/h-x86_64-mingw32/bin/../lib/gcc/nios2-elf/4.7.3/mno-hw-mul\libgcc.a(_pack_sf.o)
 .debug_aranges
                0x00000000000001d8       0x20 c:/altera/14.0/nios2eds/bin/gnu/h-x86_64-mingw32/bin/../lib/gcc/nios2-elf/4.7.3/mno-hw-mul\libgcc.a(_unpack_sf.o)
 .debug_aranges
                0x00000000000001f8       0x20 c:/altera/14.0/nios2eds/bin/gnu/h-x86_64-mingw32/bin/../lib/gcc/nios2-elf/4.7.3/mno-hw-mul\libgcc.a(_pack_df.o)
 .debug_aranges
                0x0000000000000218       0x20 c:/altera/14.0/nios2eds/bin/gnu/h-x86_64-mingw32/bin/../lib/gcc/nios2-elf/4.7.3/mno-hw-mul\libgcc.a(_unpack_df.o)
 .debug_aranges
                0x0000000000000238       0x20 c:/altera/14.0/nios2eds/bin/gnu/h-x86_64-mingw32/bin/../lib/gcc/nios2-elf/4.7.3/mno-hw-mul\libgcc.a(_lshrdi3.o)
 .debug_aranges
                0x0000000000000258       0x20 c:/altera/14.0/nios2eds/bin/gnu/h-x86_64-mingw32/bin/../lib/gcc/nios2-elf/4.7.3/mno-hw-mul\libgcc.a(_ashldi3.o)
 .debug_aranges
                0x0000000000000278       0x18 c:/altera/14.0/nios2eds/bin/gnu/h-x86_64-mingw32/bin/../lib/gcc/nios2-elf/4.7.3/mno-hw-mul\libgcc.a(_clz.o)
 .debug_aranges
                0x0000000000000290       0x18 c:/altera/14.0/nios2eds/bin/gnu/h-x86_64-mingw32/bin/../lib/gcc/nios2-elf/4.7.3/../../../../../H-x86_64-mingw32/nios2-elf/lib/mno-hw-mul\libsmallc.a(lib_a-impure.o)
 .debug_aranges
                0x00000000000002a8       0x20 c:/altera/14.0/nios2eds/bin/gnu/h-x86_64-mingw32/bin/../lib/gcc/nios2-elf/4.7.3/../../../../../H-x86_64-mingw32/nios2-elf/lib/mno-hw-mul\libsmallc.a(lib_a-memset.o)
 .debug_aranges
                0x00000000000002c8       0x20 c:/altera/14.0/nios2eds/bin/gnu/h-x86_64-mingw32/bin/../lib/gcc/nios2-elf/4.7.3/../../../../../H-x86_64-mingw32/nios2-elf/lib/mno-hw-mul\libsmallc.a(lib_a-putc.o)
 .debug_aranges
                0x00000000000002e8       0x20 c:/altera/14.0/nios2eds/bin/gnu/h-x86_64-mingw32/bin/../lib/gcc/nios2-elf/4.7.3/../../../../../H-x86_64-mingw32/nios2-elf/lib/mno-hw-mul\libsmallc.a(lib_a-strncmp.o)
 .debug_aranges
                0x0000000000000308       0x20 c:/altera/14.0/nios2eds/bin/gnu/h-x86_64-mingw32/bin/../lib/gcc/nios2-elf/4.7.3/../../../../../H-x86_64-mingw32/nios2-elf/lib/mno-hw-mul\libsmallc.a(lib_a-fvwrite_small_dev.o)
 .debug_aranges
                0x0000000000000328       0x20 c:/altera/14.0/nios2eds/bin/gnu/h-x86_64-mingw32/bin/../lib/gcc/nios2-elf/4.7.3/../../../../../H-x86_64-mingw32/nios2-elf/lib/mno-hw-mul\libsmallc.a(lib_a-writer.o)
 .debug_aranges
                0x0000000000000348       0x18 c:/altera/14.0/nios2eds/bin/gnu/h-x86_64-mingw32/bin/../lib/gcc/nios2-elf/4.7.3/../../../../../H-x86_64-mingw32/nios2-elf/lib/mno-hw-mul\libsmallc.a(lib_a-int_errno.o)
 .debug_aranges
                0x0000000000000360       0x20 ../SocNiosBSP/\libhal_bsp.a(alt_iic.o)
 .debug_aranges
                0x0000000000000380       0x20 ../SocNiosBSP/\libhal_bsp.a(alt_iic_isr_register.o)
 .debug_aranges
                0x00000000000003a0       0x30 ../SocNiosBSP/\libhal_bsp.a(alt_irq_entry.o)
 .debug_aranges
                0x00000000000003d0       0x20 ../SocNiosBSP/\libhal_bsp.a(alt_irq_handler.o)
 .debug_aranges
                0x00000000000003f0       0x18 ../SocNiosBSP/\libhal_bsp.a(alt_irq_vars.o)
 .debug_aranges
                0x0000000000000408       0x20 ../SocNiosBSP/\libhal_bsp.a(alt_main.o)
 .debug_aranges
                0x0000000000000428       0x20 ../SocNiosBSP/\libhal_bsp.a(alt_printf.o)
 .debug_aranges
                0x0000000000000448       0x20 ../SocNiosBSP/\libhal_bsp.a(alt_putchar.o)
 .debug_aranges
                0x0000000000000468       0x20 ../SocNiosBSP/\libhal_bsp.a(alt_usleep.o)
 .debug_aranges
                0x0000000000000488       0x20 ../SocNiosBSP/\libhal_bsp.a(alt_write.o)
 .debug_aranges
                0x00000000000004a8       0x20 ../SocNiosBSP/\libhal_bsp.a(alt_sys_init.o)
 .debug_aranges
                0x00000000000004c8       0x20 ../SocNiosBSP/\libhal_bsp.a(altera_avalon_jtag_uart_fd.o)
 .debug_aranges
                0x00000000000004e8       0x20 ../SocNiosBSP/\libhal_bsp.a(altera_avalon_jtag_uart_read.o)
 .debug_aranges
                0x0000000000000508       0x20 ../SocNiosBSP/\libhal_bsp.a(altera_avalon_jtag_uart_write.o)
 .debug_aranges
                0x0000000000000528       0x20 ../SocNiosBSP/\libhal_bsp.a(altera_avalon_uart_fd.o)
 .debug_aranges
                0x0000000000000548       0x20 ../SocNiosBSP/\libhal_bsp.a(altera_avalon_uart_init.o)
 .debug_aranges
                0x0000000000000568       0x20 ../SocNiosBSP/\libhal_bsp.a(altera_avalon_uart_read.o)
 .debug_aranges
                0x0000000000000588       0x20 ../SocNiosBSP/\libhal_bsp.a(altera_avalon_uart_write.o)
 .debug_aranges
                0x00000000000005a8       0x20 ../SocNiosBSP/\libhal_bsp.a(alt_busy_sleep.o)
 .debug_aranges
                0x00000000000005c8       0x20 ../SocNiosBSP/\libhal_bsp.a(alt_dev.o)
 .debug_aranges
                0x00000000000005e8       0x20 ../SocNiosBSP/\libhal_bsp.a(alt_dev_llist_insert.o)
 .debug_aranges
                0x0000000000000608       0x18 ../SocNiosBSP/\libhal_bsp.a(alt_errno.o)
 .debug_aranges
                0x0000000000000620       0x38 ../SocNiosBSP/\libhal_bsp.a(alt_exception_entry.o)
 .debug_aranges
                0x0000000000000658       0x20 ../SocNiosBSP/\libhal_bsp.a(altera_nios2_qsys_irq.o)

.debug_pubnames
 *(.debug_pubnames)

.debug_info     0x0000000000000000     0x957b
 *(.debug_info .gnu.linkonce.wi.*)
 .debug_info    0x0000000000000000       0x7b ../SocNiosBSP//obj/HAL/src/crt0.o
 .debug_info    0x000000000000007b      0x233 obj/default/interrupt_handler_uart.o
 .debug_info    0x00000000000002ae      0xf8f obj/default/main.o
 .debug_info    0x000000000000123d      0x437 c:/altera/14.0/nios2eds/bin/gnu/h-x86_64-mingw32/bin/../lib/gcc/nios2-elf/4.7.3/mno-hw-mul\libgcc.a(_div_sf.o)
 .debug_info    0x0000000000001674      0x2b7 c:/altera/14.0/nios2eds/bin/gnu/h-x86_64-mingw32/bin/../lib/gcc/nios2-elf/4.7.3/mno-hw-mul\libgcc.a(_sf_to_df.o)
 .debug_info    0x000000000000192b      0x155 c:/altera/14.0/nios2eds/bin/gnu/h-x86_64-mingw32/bin/../lib/gcc/nios2-elf/4.7.3/mno-hw-mul\libgcc.a(_thenan_sf.o)
 .debug_info    0x0000000000001a80      0x288 c:/altera/14.0/nios2eds/bin/gnu/h-x86_64-mingw32/bin/../lib/gcc/nios2-elf/4.7.3/mno-hw-mul\libgcc.a(_usi_to_sf.o)
 .debug_info    0x0000000000001d08      0x588 c:/altera/14.0/nios2eds/bin/gnu/h-x86_64-mingw32/bin/../lib/gcc/nios2-elf/4.7.3/mno-hw-mul\libgcc.a(_addsub_df.o)
 .debug_info    0x0000000000002290      0x30b c:/altera/14.0/nios2eds/bin/gnu/h-x86_64-mingw32/bin/../lib/gcc/nios2-elf/4.7.3/mno-hw-mul\libgcc.a(_df_to_si.o)
 .debug_info    0x000000000000259b      0x209 c:/altera/14.0/nios2eds/bin/gnu/h-x86_64-mingw32/bin/../lib/gcc/nios2-elf/4.7.3/mno-hw-mul\libgcc.a(_make_df.o)
 .debug_info    0x00000000000027a4      0x155 c:/altera/14.0/nios2eds/bin/gnu/h-x86_64-mingw32/bin/../lib/gcc/nios2-elf/4.7.3/mno-hw-mul\libgcc.a(_thenan_df.o)
 .debug_info    0x00000000000028f9      0x289 c:/altera/14.0/nios2eds/bin/gnu/h-x86_64-mingw32/bin/../lib/gcc/nios2-elf/4.7.3/mno-hw-mul\libgcc.a(lib2-divmod.o)
 .debug_info    0x0000000000002b82       0xb8 c:/altera/14.0/nios2eds/bin/gnu/h-x86_64-mingw32/bin/../lib/gcc/nios2-elf/4.7.3/mno-hw-mul\libgcc.a(lib2-mul.o)
 .debug_info    0x0000000000002c3a      0x123 c:/altera/14.0/nios2eds/bin/gnu/h-x86_64-mingw32/bin/../lib/gcc/nios2-elf/4.7.3/mno-hw-mul\libgcc.a(_clzsi2.o)
 .debug_info    0x0000000000002d5d      0x2f2 c:/altera/14.0/nios2eds/bin/gnu/h-x86_64-mingw32/bin/../lib/gcc/nios2-elf/4.7.3/mno-hw-mul\libgcc.a(_pack_sf.o)
 .debug_info    0x000000000000304f      0x26a c:/altera/14.0/nios2eds/bin/gnu/h-x86_64-mingw32/bin/../lib/gcc/nios2-elf/4.7.3/mno-hw-mul\libgcc.a(_unpack_sf.o)
 .debug_info    0x00000000000032b9      0x2f7 c:/altera/14.0/nios2eds/bin/gnu/h-x86_64-mingw32/bin/../lib/gcc/nios2-elf/4.7.3/mno-hw-mul\libgcc.a(_pack_df.o)
 .debug_info    0x00000000000035b0      0x265 c:/altera/14.0/nios2eds/bin/gnu/h-x86_64-mingw32/bin/../lib/gcc/nios2-elf/4.7.3/mno-hw-mul\libgcc.a(_unpack_df.o)
 .debug_info    0x0000000000003815      0x185 c:/altera/14.0/nios2eds/bin/gnu/h-x86_64-mingw32/bin/../lib/gcc/nios2-elf/4.7.3/mno-hw-mul\libgcc.a(_lshrdi3.o)
 .debug_info    0x000000000000399a      0x185 c:/altera/14.0/nios2eds/bin/gnu/h-x86_64-mingw32/bin/../lib/gcc/nios2-elf/4.7.3/mno-hw-mul\libgcc.a(_ashldi3.o)
 .debug_info    0x0000000000003b1f       0xac c:/altera/14.0/nios2eds/bin/gnu/h-x86_64-mingw32/bin/../lib/gcc/nios2-elf/4.7.3/mno-hw-mul\libgcc.a(_clz.o)
 .debug_info    0x0000000000003bcb      0x631 c:/altera/14.0/nios2eds/bin/gnu/h-x86_64-mingw32/bin/../lib/gcc/nios2-elf/4.7.3/../../../../../H-x86_64-mingw32/nios2-elf/lib/mno-hw-mul\libsmallc.a(lib_a-impure.o)
 .debug_info    0x00000000000041fc       0xd9 c:/altera/14.0/nios2eds/bin/gnu/h-x86_64-mingw32/bin/../lib/gcc/nios2-elf/4.7.3/../../../../../H-x86_64-mingw32/nios2-elf/lib/mno-hw-mul\libsmallc.a(lib_a-memset.o)
 .debug_info    0x00000000000042d5      0x6ec c:/altera/14.0/nios2eds/bin/gnu/h-x86_64-mingw32/bin/../lib/gcc/nios2-elf/4.7.3/../../../../../H-x86_64-mingw32/nios2-elf/lib/mno-hw-mul\libsmallc.a(lib_a-putc.o)
 .debug_info    0x00000000000049c1       0xd3 c:/altera/14.0/nios2eds/bin/gnu/h-x86_64-mingw32/bin/../lib/gcc/nios2-elf/4.7.3/../../../../../H-x86_64-mingw32/nios2-elf/lib/mno-hw-mul\libsmallc.a(lib_a-strncmp.o)
 .debug_info    0x0000000000004a94      0x6d9 c:/altera/14.0/nios2eds/bin/gnu/h-x86_64-mingw32/bin/../lib/gcc/nios2-elf/4.7.3/../../../../../H-x86_64-mingw32/nios2-elf/lib/mno-hw-mul\libsmallc.a(lib_a-fvwrite_small_dev.o)
 .debug_info    0x000000000000516d      0x6cb c:/altera/14.0/nios2eds/bin/gnu/h-x86_64-mingw32/bin/../lib/gcc/nios2-elf/4.7.3/../../../../../H-x86_64-mingw32/nios2-elf/lib/mno-hw-mul\libsmallc.a(lib_a-writer.o)
 .debug_info    0x0000000000005838       0x84 c:/altera/14.0/nios2eds/bin/gnu/h-x86_64-mingw32/bin/../lib/gcc/nios2-elf/4.7.3/../../../../../H-x86_64-mingw32/nios2-elf/lib/mno-hw-mul\libsmallc.a(lib_a-int_errno.o)
 .debug_info    0x00000000000058bc      0x364 ../SocNiosBSP/\libhal_bsp.a(alt_iic.o)
 .debug_info    0x0000000000005c20      0x1f6 ../SocNiosBSP/\libhal_bsp.a(alt_iic_isr_register.o)
 .debug_info    0x0000000000005e16       0x84 ../SocNiosBSP/\libhal_bsp.a(alt_irq_entry.o)
 .debug_info    0x0000000000005e9a      0x190 ../SocNiosBSP/\libhal_bsp.a(alt_irq_handler.o)
 .debug_info    0x000000000000602a       0x8a ../SocNiosBSP/\libhal_bsp.a(alt_irq_vars.o)
 .debug_info    0x00000000000060b4      0x126 ../SocNiosBSP/\libhal_bsp.a(alt_main.o)
 .debug_info    0x00000000000061da      0x11e ../SocNiosBSP/\libhal_bsp.a(alt_printf.o)
 .debug_info    0x00000000000062f8      0x93d ../SocNiosBSP/\libhal_bsp.a(alt_putchar.o)
 .debug_info    0x0000000000006c35       0xad ../SocNiosBSP/\libhal_bsp.a(alt_usleep.o)
 .debug_info    0x0000000000006ce2      0x507 ../SocNiosBSP/\libhal_bsp.a(alt_write.o)
 .debug_info    0x00000000000071e9      0x4f1 ../SocNiosBSP/\libhal_bsp.a(alt_sys_init.o)
 .debug_info    0x00000000000076da      0x3da ../SocNiosBSP/\libhal_bsp.a(altera_avalon_jtag_uart_fd.o)
 .debug_info    0x0000000000007ab4      0x1bc ../SocNiosBSP/\libhal_bsp.a(altera_avalon_jtag_uart_read.o)
 .debug_info    0x0000000000007c70      0x19f ../SocNiosBSP/\libhal_bsp.a(altera_avalon_jtag_uart_write.o)
 .debug_info    0x0000000000007e0f      0x481 ../SocNiosBSP/\libhal_bsp.a(altera_avalon_uart_fd.o)
 .debug_info    0x0000000000008290      0x356 ../SocNiosBSP/\libhal_bsp.a(altera_avalon_uart_init.o)
 .debug_info    0x00000000000085e6      0x331 ../SocNiosBSP/\libhal_bsp.a(altera_avalon_uart_read.o)
 .debug_info    0x0000000000008917      0x336 ../SocNiosBSP/\libhal_bsp.a(altera_avalon_uart_write.o)
 .debug_info    0x0000000000008c4d       0xd5 ../SocNiosBSP/\libhal_bsp.a(alt_busy_sleep.o)
 .debug_info    0x0000000000008d22      0x4e3 ../SocNiosBSP/\libhal_bsp.a(alt_dev.o)
 .debug_info    0x0000000000009205      0x1b9 ../SocNiosBSP/\libhal_bsp.a(alt_dev_llist_insert.o)
 .debug_info    0x00000000000093be       0xa3 ../SocNiosBSP/\libhal_bsp.a(alt_errno.o)
 .debug_info    0x0000000000009461       0x8a ../SocNiosBSP/\libhal_bsp.a(alt_exception_entry.o)
 .debug_info    0x00000000000094eb       0x90 ../SocNiosBSP/\libhal_bsp.a(altera_nios2_qsys_irq.o)

.debug_abbrev   0x0000000000000000     0x3718
 *(.debug_abbrev)
 .debug_abbrev  0x0000000000000000       0x12 ../SocNiosBSP//obj/HAL/src/crt0.o
 .debug_abbrev  0x0000000000000012       0xf2 obj/default/interrupt_handler_uart.o
 .debug_abbrev  0x0000000000000104      0x2b0 obj/default/main.o
 .debug_abbrev  0x00000000000003b4      0x245 c:/altera/14.0/nios2eds/bin/gnu/h-x86_64-mingw32/bin/../lib/gcc/nios2-elf/4.7.3/mno-hw-mul\libgcc.a(_div_sf.o)
 .debug_abbrev  0x00000000000005f9      0x185 c:/altera/14.0/nios2eds/bin/gnu/h-x86_64-mingw32/bin/../lib/gcc/nios2-elf/4.7.3/mno-hw-mul\libgcc.a(_sf_to_df.o)
 .debug_abbrev  0x000000000000077e       0xb6 c:/altera/14.0/nios2eds/bin/gnu/h-x86_64-mingw32/bin/../lib/gcc/nios2-elf/4.7.3/mno-hw-mul\libgcc.a(_thenan_sf.o)
 .debug_abbrev  0x0000000000000834      0x1b2 c:/altera/14.0/nios2eds/bin/gnu/h-x86_64-mingw32/bin/../lib/gcc/nios2-elf/4.7.3/mno-hw-mul\libgcc.a(_usi_to_sf.o)
 .debug_abbrev  0x00000000000009e6      0x22d c:/altera/14.0/nios2eds/bin/gnu/h-x86_64-mingw32/bin/../lib/gcc/nios2-elf/4.7.3/mno-hw-mul\libgcc.a(_addsub_df.o)
 .debug_abbrev  0x0000000000000c13      0x1ae c:/altera/14.0/nios2eds/bin/gnu/h-x86_64-mingw32/bin/../lib/gcc/nios2-elf/4.7.3/mno-hw-mul\libgcc.a(_df_to_si.o)
 .debug_abbrev  0x0000000000000dc1      0x14e c:/altera/14.0/nios2eds/bin/gnu/h-x86_64-mingw32/bin/../lib/gcc/nios2-elf/4.7.3/mno-hw-mul\libgcc.a(_make_df.o)
 .debug_abbrev  0x0000000000000f0f       0xb6 c:/altera/14.0/nios2eds/bin/gnu/h-x86_64-mingw32/bin/../lib/gcc/nios2-elf/4.7.3/mno-hw-mul\libgcc.a(_thenan_df.o)
 .debug_abbrev  0x0000000000000fc5      0x112 c:/altera/14.0/nios2eds/bin/gnu/h-x86_64-mingw32/bin/../lib/gcc/nios2-elf/4.7.3/mno-hw-mul\libgcc.a(lib2-divmod.o)
 .debug_abbrev  0x00000000000010d7       0x6f c:/altera/14.0/nios2eds/bin/gnu/h-x86_64-mingw32/bin/../lib/gcc/nios2-elf/4.7.3/mno-hw-mul\libgcc.a(lib2-mul.o)
 .debug_abbrev  0x0000000000001146       0xbe c:/altera/14.0/nios2eds/bin/gnu/h-x86_64-mingw32/bin/../lib/gcc/nios2-elf/4.7.3/mno-hw-mul\libgcc.a(_clzsi2.o)
 .debug_abbrev  0x0000000000001204      0x1b1 c:/altera/14.0/nios2eds/bin/gnu/h-x86_64-mingw32/bin/../lib/gcc/nios2-elf/4.7.3/mno-hw-mul\libgcc.a(_pack_sf.o)
 .debug_abbrev  0x00000000000013b5      0x15f c:/altera/14.0/nios2eds/bin/gnu/h-x86_64-mingw32/bin/../lib/gcc/nios2-elf/4.7.3/mno-hw-mul\libgcc.a(_unpack_sf.o)
 .debug_abbrev  0x0000000000001514      0x1b6 c:/altera/14.0/nios2eds/bin/gnu/h-x86_64-mingw32/bin/../lib/gcc/nios2-elf/4.7.3/mno-hw-mul\libgcc.a(_pack_df.o)
 .debug_abbrev  0x00000000000016ca      0x15d c:/altera/14.0/nios2eds/bin/gnu/h-x86_64-mingw32/bin/../lib/gcc/nios2-elf/4.7.3/mno-hw-mul\libgcc.a(_unpack_df.o)
 .debug_abbrev  0x0000000000001827       0xf1 c:/altera/14.0/nios2eds/bin/gnu/h-x86_64-mingw32/bin/../lib/gcc/nios2-elf/4.7.3/mno-hw-mul\libgcc.a(_lshrdi3.o)
 .debug_abbrev  0x0000000000001918       0xf1 c:/altera/14.0/nios2eds/bin/gnu/h-x86_64-mingw32/bin/../lib/gcc/nios2-elf/4.7.3/mno-hw-mul\libgcc.a(_ashldi3.o)
 .debug_abbrev  0x0000000000001a09       0x5d c:/altera/14.0/nios2eds/bin/gnu/h-x86_64-mingw32/bin/../lib/gcc/nios2-elf/4.7.3/mno-hw-mul\libgcc.a(_clz.o)
 .debug_abbrev  0x0000000000001a66      0x13b c:/altera/14.0/nios2eds/bin/gnu/h-x86_64-mingw32/bin/../lib/gcc/nios2-elf/4.7.3/../../../../../H-x86_64-mingw32/nios2-elf/lib/mno-hw-mul\libsmallc.a(lib_a-impure.o)
 .debug_abbrev  0x0000000000001ba1       0x8e c:/altera/14.0/nios2eds/bin/gnu/h-x86_64-mingw32/bin/../lib/gcc/nios2-elf/4.7.3/../../../../../H-x86_64-mingw32/nios2-elf/lib/mno-hw-mul\libsmallc.a(lib_a-memset.o)
 .debug_abbrev  0x0000000000001c2f      0x19b c:/altera/14.0/nios2eds/bin/gnu/h-x86_64-mingw32/bin/../lib/gcc/nios2-elf/4.7.3/../../../../../H-x86_64-mingw32/nios2-elf/lib/mno-hw-mul\libsmallc.a(lib_a-putc.o)
 .debug_abbrev  0x0000000000001dca       0x70 c:/altera/14.0/nios2eds/bin/gnu/h-x86_64-mingw32/bin/../lib/gcc/nios2-elf/4.7.3/../../../../../H-x86_64-mingw32/nios2-elf/lib/mno-hw-mul\libsmallc.a(lib_a-strncmp.o)
 .debug_abbrev  0x0000000000001e3a      0x1a8 c:/altera/14.0/nios2eds/bin/gnu/h-x86_64-mingw32/bin/../lib/gcc/nios2-elf/4.7.3/../../../../../H-x86_64-mingw32/nios2-elf/lib/mno-hw-mul\libsmallc.a(lib_a-fvwrite_small_dev.o)
 .debug_abbrev  0x0000000000001fe2      0x199 c:/altera/14.0/nios2eds/bin/gnu/h-x86_64-mingw32/bin/../lib/gcc/nios2-elf/4.7.3/../../../../../H-x86_64-mingw32/nios2-elf/lib/mno-hw-mul\libsmallc.a(lib_a-writer.o)
 .debug_abbrev  0x000000000000217b       0x37 c:/altera/14.0/nios2eds/bin/gnu/h-x86_64-mingw32/bin/../lib/gcc/nios2-elf/4.7.3/../../../../../H-x86_64-mingw32/nios2-elf/lib/mno-hw-mul\libsmallc.a(lib_a-int_errno.o)
 .debug_abbrev  0x00000000000021b2      0x16a ../SocNiosBSP/\libhal_bsp.a(alt_iic.o)
 .debug_abbrev  0x000000000000231c      0x169 ../SocNiosBSP/\libhal_bsp.a(alt_iic_isr_register.o)
 .debug_abbrev  0x0000000000002485       0x12 ../SocNiosBSP/\libhal_bsp.a(alt_irq_entry.o)
 .debug_abbrev  0x0000000000002497      0x124 ../SocNiosBSP/\libhal_bsp.a(alt_irq_handler.o)
 .debug_abbrev  0x00000000000025bb       0x40 ../SocNiosBSP/\libhal_bsp.a(alt_irq_vars.o)
 .debug_abbrev  0x00000000000025fb       0xa9 ../SocNiosBSP/\libhal_bsp.a(alt_main.o)
 .debug_abbrev  0x00000000000026a4       0xb0 ../SocNiosBSP/\libhal_bsp.a(alt_printf.o)
 .debug_abbrev  0x0000000000002754      0x182 ../SocNiosBSP/\libhal_bsp.a(alt_putchar.o)
 .debug_abbrev  0x00000000000028d6       0x60 ../SocNiosBSP/\libhal_bsp.a(alt_usleep.o)
 .debug_abbrev  0x0000000000002936      0x133 ../SocNiosBSP/\libhal_bsp.a(alt_write.o)
 .debug_abbrev  0x0000000000002a69      0x167 ../SocNiosBSP/\libhal_bsp.a(alt_sys_init.o)
 .debug_abbrev  0x0000000000002bd0       0xf7 ../SocNiosBSP/\libhal_bsp.a(altera_avalon_jtag_uart_fd.o)
 .debug_abbrev  0x0000000000002cc7       0xd5 ../SocNiosBSP/\libhal_bsp.a(altera_avalon_jtag_uart_read.o)
 .debug_abbrev  0x0000000000002d9c       0xd5 ../SocNiosBSP/\libhal_bsp.a(altera_avalon_jtag_uart_write.o)
 .debug_abbrev  0x0000000000002e71      0x109 ../SocNiosBSP/\libhal_bsp.a(altera_avalon_uart_fd.o)
 .debug_abbrev  0x0000000000002f7a      0x178 ../SocNiosBSP/\libhal_bsp.a(altera_avalon_uart_init.o)
 .debug_abbrev  0x00000000000030f2      0x183 ../SocNiosBSP/\libhal_bsp.a(altera_avalon_uart_read.o)
 .debug_abbrev  0x0000000000003275      0x18a ../SocNiosBSP/\libhal_bsp.a(altera_avalon_uart_write.o)
 .debug_abbrev  0x00000000000033ff       0x7e ../SocNiosBSP/\libhal_bsp.a(alt_busy_sleep.o)
 .debug_abbrev  0x000000000000347d       0xd9 ../SocNiosBSP/\libhal_bsp.a(alt_dev.o)
 .debug_abbrev  0x0000000000003556      0x114 ../SocNiosBSP/\libhal_bsp.a(alt_dev_llist_insert.o)
 .debug_abbrev  0x000000000000366a       0x5a ../SocNiosBSP/\libhal_bsp.a(alt_errno.o)
 .debug_abbrev  0x00000000000036c4       0x12 ../SocNiosBSP/\libhal_bsp.a(alt_exception_entry.o)
 .debug_abbrev  0x00000000000036d6       0x42 ../SocNiosBSP/\libhal_bsp.a(altera_nios2_qsys_irq.o)

.debug_line     0x0000000000000000     0x3238
 *(.debug_line)
 .debug_line    0x0000000000000000       0x63 ../SocNiosBSP//obj/HAL/src/crt0.o
 .debug_line    0x0000000000000063       0xeb obj/default/interrupt_handler_uart.o
 .debug_line    0x000000000000014e      0x4d1 obj/default/main.o
 .debug_line    0x000000000000061f       0xcb c:/altera/14.0/nios2eds/bin/gnu/h-x86_64-mingw32/bin/../lib/gcc/nios2-elf/4.7.3/mno-hw-mul\libgcc.a(_div_sf.o)
 .debug_line    0x00000000000006ea       0x6c c:/altera/14.0/nios2eds/bin/gnu/h-x86_64-mingw32/bin/../lib/gcc/nios2-elf/4.7.3/mno-hw-mul\libgcc.a(_sf_to_df.o)
 .debug_line    0x0000000000000756       0x54 c:/altera/14.0/nios2eds/bin/gnu/h-x86_64-mingw32/bin/../lib/gcc/nios2-elf/4.7.3/mno-hw-mul\libgcc.a(_thenan_sf.o)
 .debug_line    0x00000000000007aa       0x99 c:/altera/14.0/nios2eds/bin/gnu/h-x86_64-mingw32/bin/../lib/gcc/nios2-elf/4.7.3/mno-hw-mul\libgcc.a(_usi_to_sf.o)
 .debug_line    0x0000000000000843      0x134 c:/altera/14.0/nios2eds/bin/gnu/h-x86_64-mingw32/bin/../lib/gcc/nios2-elf/4.7.3/mno-hw-mul\libgcc.a(_addsub_df.o)
 .debug_line    0x0000000000000977       0x90 c:/altera/14.0/nios2eds/bin/gnu/h-x86_64-mingw32/bin/../lib/gcc/nios2-elf/4.7.3/mno-hw-mul\libgcc.a(_df_to_si.o)
 .debug_line    0x0000000000000a07       0x70 c:/altera/14.0/nios2eds/bin/gnu/h-x86_64-mingw32/bin/../lib/gcc/nios2-elf/4.7.3/mno-hw-mul\libgcc.a(_make_df.o)
 .debug_line    0x0000000000000a77       0x54 c:/altera/14.0/nios2eds/bin/gnu/h-x86_64-mingw32/bin/../lib/gcc/nios2-elf/4.7.3/mno-hw-mul\libgcc.a(_thenan_df.o)
 .debug_line    0x0000000000000acb       0xd6 c:/altera/14.0/nios2eds/bin/gnu/h-x86_64-mingw32/bin/../lib/gcc/nios2-elf/4.7.3/mno-hw-mul\libgcc.a(lib2-divmod.o)
 .debug_line    0x0000000000000ba1       0x80 c:/altera/14.0/nios2eds/bin/gnu/h-x86_64-mingw32/bin/../lib/gcc/nios2-elf/4.7.3/mno-hw-mul\libgcc.a(lib2-mul.o)
 .debug_line    0x0000000000000c21       0x8f c:/altera/14.0/nios2eds/bin/gnu/h-x86_64-mingw32/bin/../lib/gcc/nios2-elf/4.7.3/mno-hw-mul\libgcc.a(_clzsi2.o)
 .debug_line    0x0000000000000cb0       0xb5 c:/altera/14.0/nios2eds/bin/gnu/h-x86_64-mingw32/bin/../lib/gcc/nios2-elf/4.7.3/mno-hw-mul\libgcc.a(_pack_sf.o)
 .debug_line    0x0000000000000d65       0x9d c:/altera/14.0/nios2eds/bin/gnu/h-x86_64-mingw32/bin/../lib/gcc/nios2-elf/4.7.3/mno-hw-mul\libgcc.a(_unpack_sf.o)
 .debug_line    0x0000000000000e02       0xca c:/altera/14.0/nios2eds/bin/gnu/h-x86_64-mingw32/bin/../lib/gcc/nios2-elf/4.7.3/mno-hw-mul\libgcc.a(_pack_df.o)
 .debug_line    0x0000000000000ecc       0xa5 c:/altera/14.0/nios2eds/bin/gnu/h-x86_64-mingw32/bin/../lib/gcc/nios2-elf/4.7.3/mno-hw-mul\libgcc.a(_unpack_df.o)
 .debug_line    0x0000000000000f71       0x7a c:/altera/14.0/nios2eds/bin/gnu/h-x86_64-mingw32/bin/../lib/gcc/nios2-elf/4.7.3/mno-hw-mul\libgcc.a(_lshrdi3.o)
 .debug_line    0x0000000000000feb       0x78 c:/altera/14.0/nios2eds/bin/gnu/h-x86_64-mingw32/bin/../lib/gcc/nios2-elf/4.7.3/mno-hw-mul\libgcc.a(_ashldi3.o)
 .debug_line    0x0000000000001063       0x56 c:/altera/14.0/nios2eds/bin/gnu/h-x86_64-mingw32/bin/../lib/gcc/nios2-elf/4.7.3/mno-hw-mul\libgcc.a(_clz.o)
 .debug_line    0x00000000000010b9      0x16a c:/altera/14.0/nios2eds/bin/gnu/h-x86_64-mingw32/bin/../lib/gcc/nios2-elf/4.7.3/../../../../../H-x86_64-mingw32/nios2-elf/lib/mno-hw-mul\libsmallc.a(lib_a-impure.o)
 .debug_line    0x0000000000001223      0x17c c:/altera/14.0/nios2eds/bin/gnu/h-x86_64-mingw32/bin/../lib/gcc/nios2-elf/4.7.3/../../../../../H-x86_64-mingw32/nios2-elf/lib/mno-hw-mul\libsmallc.a(lib_a-memset.o)
 .debug_line    0x000000000000139f      0x208 c:/altera/14.0/nios2eds/bin/gnu/h-x86_64-mingw32/bin/../lib/gcc/nios2-elf/4.7.3/../../../../../H-x86_64-mingw32/nios2-elf/lib/mno-hw-mul\libsmallc.a(lib_a-putc.o)
 .debug_line    0x00000000000015a7      0x19c c:/altera/14.0/nios2eds/bin/gnu/h-x86_64-mingw32/bin/../lib/gcc/nios2-elf/4.7.3/../../../../../H-x86_64-mingw32/nios2-elf/lib/mno-hw-mul\libsmallc.a(lib_a-strncmp.o)
 .debug_line    0x0000000000001743      0x221 c:/altera/14.0/nios2eds/bin/gnu/h-x86_64-mingw32/bin/../lib/gcc/nios2-elf/4.7.3/../../../../../H-x86_64-mingw32/nios2-elf/lib/mno-hw-mul\libsmallc.a(lib_a-fvwrite_small_dev.o)
 .debug_line    0x0000000000001964      0x208 c:/altera/14.0/nios2eds/bin/gnu/h-x86_64-mingw32/bin/../lib/gcc/nios2-elf/4.7.3/../../../../../H-x86_64-mingw32/nios2-elf/lib/mno-hw-mul\libsmallc.a(lib_a-writer.o)
 .debug_line    0x0000000000001b6c       0x60 c:/altera/14.0/nios2eds/bin/gnu/h-x86_64-mingw32/bin/../lib/gcc/nios2-elf/4.7.3/../../../../../H-x86_64-mingw32/nios2-elf/lib/mno-hw-mul\libsmallc.a(lib_a-int_errno.o)
 .debug_line    0x0000000000001bcc       0xed ../SocNiosBSP/\libhal_bsp.a(alt_iic.o)
 .debug_line    0x0000000000001cb9       0xdb ../SocNiosBSP/\libhal_bsp.a(alt_iic_isr_register.o)
 .debug_line    0x0000000000001d94       0x6b ../SocNiosBSP/\libhal_bsp.a(alt_irq_entry.o)
 .debug_line    0x0000000000001dff       0xae ../SocNiosBSP/\libhal_bsp.a(alt_irq_handler.o)
 .debug_line    0x0000000000001ead       0x50 ../SocNiosBSP/\libhal_bsp.a(alt_irq_vars.o)
 .debug_line    0x0000000000001efd       0x99 ../SocNiosBSP/\libhal_bsp.a(alt_main.o)
 .debug_line    0x0000000000001f96       0xf6 ../SocNiosBSP/\libhal_bsp.a(alt_printf.o)
 .debug_line    0x000000000000208c      0x142 ../SocNiosBSP/\libhal_bsp.a(alt_putchar.o)
 .debug_line    0x00000000000021ce       0xd0 ../SocNiosBSP/\libhal_bsp.a(alt_usleep.o)
 .debug_line    0x000000000000229e      0x1fc ../SocNiosBSP/\libhal_bsp.a(alt_write.o)
 .debug_line    0x000000000000249a      0x15c ../SocNiosBSP/\libhal_bsp.a(alt_sys_init.o)
 .debug_line    0x00000000000025f6      0x114 ../SocNiosBSP/\libhal_bsp.a(altera_avalon_jtag_uart_fd.o)
 .debug_line    0x000000000000270a      0x101 ../SocNiosBSP/\libhal_bsp.a(altera_avalon_jtag_uart_read.o)
 .debug_line    0x000000000000280b       0xf8 ../SocNiosBSP/\libhal_bsp.a(altera_avalon_jtag_uart_write.o)
 .debug_line    0x0000000000002903       0xf0 ../SocNiosBSP/\libhal_bsp.a(altera_avalon_uart_fd.o)
 .debug_line    0x00000000000029f3      0x182 ../SocNiosBSP/\libhal_bsp.a(altera_avalon_uart_init.o)
 .debug_line    0x0000000000002b75      0x183 ../SocNiosBSP/\libhal_bsp.a(altera_avalon_uart_read.o)
 .debug_line    0x0000000000002cf8      0x166 ../SocNiosBSP/\libhal_bsp.a(altera_avalon_uart_write.o)
 .debug_line    0x0000000000002e5e       0xa2 ../SocNiosBSP/\libhal_bsp.a(alt_busy_sleep.o)
 .debug_line    0x0000000000002f00      0x11b ../SocNiosBSP/\libhal_bsp.a(alt_dev.o)
 .debug_line    0x000000000000301b       0xd0 ../SocNiosBSP/\libhal_bsp.a(alt_dev_llist_insert.o)
 .debug_line    0x00000000000030eb       0x51 ../SocNiosBSP/\libhal_bsp.a(alt_errno.o)
 .debug_line    0x000000000000313c       0xab ../SocNiosBSP/\libhal_bsp.a(alt_exception_entry.o)
 .debug_line    0x00000000000031e7       0x51 ../SocNiosBSP/\libhal_bsp.a(altera_nios2_qsys_irq.o)

.debug_frame    0x0000000000000000      0xb18
 *(.debug_frame)
 .debug_frame   0x0000000000000000       0xb8 obj/default/interrupt_handler_uart.o
 .debug_frame   0x00000000000000b8      0x1b4 obj/default/main.o
 .debug_frame   0x000000000000026c       0x28 c:/altera/14.0/nios2eds/bin/gnu/h-x86_64-mingw32/bin/../lib/gcc/nios2-elf/4.7.3/mno-hw-mul\libgcc.a(_div_sf.o)
 .debug_frame   0x0000000000000294       0x28 c:/altera/14.0/nios2eds/bin/gnu/h-x86_64-mingw32/bin/../lib/gcc/nios2-elf/4.7.3/mno-hw-mul\libgcc.a(_sf_to_df.o)
 .debug_frame   0x00000000000002bc       0x28 c:/altera/14.0/nios2eds/bin/gnu/h-x86_64-mingw32/bin/../lib/gcc/nios2-elf/4.7.3/mno-hw-mul\libgcc.a(_usi_to_sf.o)
 .debug_frame   0x00000000000002e4       0x50 c:/altera/14.0/nios2eds/bin/gnu/h-x86_64-mingw32/bin/../lib/gcc/nios2-elf/4.7.3/mno-hw-mul\libgcc.a(_addsub_df.o)
 .debug_frame   0x0000000000000334       0x28 c:/altera/14.0/nios2eds/bin/gnu/h-x86_64-mingw32/bin/../lib/gcc/nios2-elf/4.7.3/mno-hw-mul\libgcc.a(_df_to_si.o)
 .debug_frame   0x000000000000035c       0x28 c:/altera/14.0/nios2eds/bin/gnu/h-x86_64-mingw32/bin/../lib/gcc/nios2-elf/4.7.3/mno-hw-mul\libgcc.a(_make_df.o)
 .debug_frame   0x0000000000000384       0x70 c:/altera/14.0/nios2eds/bin/gnu/h-x86_64-mingw32/bin/../lib/gcc/nios2-elf/4.7.3/mno-hw-mul\libgcc.a(lib2-divmod.o)
 .debug_frame   0x00000000000003f4       0x20 c:/altera/14.0/nios2eds/bin/gnu/h-x86_64-mingw32/bin/../lib/gcc/nios2-elf/4.7.3/mno-hw-mul\libgcc.a(lib2-mul.o)
 .debug_frame   0x0000000000000414       0x20 c:/altera/14.0/nios2eds/bin/gnu/h-x86_64-mingw32/bin/../lib/gcc/nios2-elf/4.7.3/mno-hw-mul\libgcc.a(_clzsi2.o)
 .debug_frame   0x0000000000000434       0x20 c:/altera/14.0/nios2eds/bin/gnu/h-x86_64-mingw32/bin/../lib/gcc/nios2-elf/4.7.3/mno-hw-mul\libgcc.a(_pack_sf.o)
 .debug_frame   0x0000000000000454       0x20 c:/altera/14.0/nios2eds/bin/gnu/h-x86_64-mingw32/bin/../lib/gcc/nios2-elf/4.7.3/mno-hw-mul\libgcc.a(_unpack_sf.o)
 .debug_frame   0x0000000000000474       0x34 c:/altera/14.0/nios2eds/bin/gnu/h-x86_64-mingw32/bin/../lib/gcc/nios2-elf/4.7.3/mno-hw-mul\libgcc.a(_pack_df.o)
 .debug_frame   0x00000000000004a8       0x20 c:/altera/14.0/nios2eds/bin/gnu/h-x86_64-mingw32/bin/../lib/gcc/nios2-elf/4.7.3/mno-hw-mul\libgcc.a(_unpack_df.o)
 .debug_frame   0x00000000000004c8       0x20 c:/altera/14.0/nios2eds/bin/gnu/h-x86_64-mingw32/bin/../lib/gcc/nios2-elf/4.7.3/mno-hw-mul\libgcc.a(_lshrdi3.o)
 .debug_frame   0x00000000000004e8       0x20 c:/altera/14.0/nios2eds/bin/gnu/h-x86_64-mingw32/bin/../lib/gcc/nios2-elf/4.7.3/mno-hw-mul\libgcc.a(_ashldi3.o)
 .debug_frame   0x0000000000000508       0x20 c:/altera/14.0/nios2eds/bin/gnu/h-x86_64-mingw32/bin/../lib/gcc/nios2-elf/4.7.3/../../../../../H-x86_64-mingw32/nios2-elf/lib/mno-hw-mul\libsmallc.a(lib_a-memset.o)
 .debug_frame   0x0000000000000528       0x44 c:/altera/14.0/nios2eds/bin/gnu/h-x86_64-mingw32/bin/../lib/gcc/nios2-elf/4.7.3/../../../../../H-x86_64-mingw32/nios2-elf/lib/mno-hw-mul\libsmallc.a(lib_a-putc.o)
 .debug_frame   0x000000000000056c       0x20 c:/altera/14.0/nios2eds/bin/gnu/h-x86_64-mingw32/bin/../lib/gcc/nios2-elf/4.7.3/../../../../../H-x86_64-mingw32/nios2-elf/lib/mno-hw-mul\libsmallc.a(lib_a-strncmp.o)
 .debug_frame   0x000000000000058c       0x30 c:/altera/14.0/nios2eds/bin/gnu/h-x86_64-mingw32/bin/../lib/gcc/nios2-elf/4.7.3/../../../../../H-x86_64-mingw32/nios2-elf/lib/mno-hw-mul\libsmallc.a(lib_a-fvwrite_small_dev.o)
 .debug_frame   0x00000000000005bc       0x2c c:/altera/14.0/nios2eds/bin/gnu/h-x86_64-mingw32/bin/../lib/gcc/nios2-elf/4.7.3/../../../../../H-x86_64-mingw32/nios2-elf/lib/mno-hw-mul\libsmallc.a(lib_a-writer.o)
 .debug_frame   0x00000000000005e8       0x80 ../SocNiosBSP/\libhal_bsp.a(alt_iic.o)
 .debug_frame   0x0000000000000668       0x2c ../SocNiosBSP/\libhal_bsp.a(alt_iic_isr_register.o)
 .debug_frame   0x0000000000000694       0x2c ../SocNiosBSP/\libhal_bsp.a(alt_irq_handler.o)
 .debug_frame   0x00000000000006c0       0x2c ../SocNiosBSP/\libhal_bsp.a(alt_main.o)
 .debug_frame   0x00000000000006ec       0x2c ../SocNiosBSP/\libhal_bsp.a(alt_printf.o)
 .debug_frame   0x0000000000000718       0x2c ../SocNiosBSP/\libhal_bsp.a(alt_putchar.o)
 .debug_frame   0x0000000000000744       0x2c ../SocNiosBSP/\libhal_bsp.a(alt_usleep.o)
 .debug_frame   0x0000000000000770       0x48 ../SocNiosBSP/\libhal_bsp.a(alt_write.o)
 .debug_frame   0x00000000000007b8       0x64 ../SocNiosBSP/\libhal_bsp.a(alt_sys_init.o)
 .debug_frame   0x000000000000081c       0x48 ../SocNiosBSP/\libhal_bsp.a(altera_avalon_jtag_uart_fd.o)
 .debug_frame   0x0000000000000864       0x2c ../SocNiosBSP/\libhal_bsp.a(altera_avalon_jtag_uart_read.o)
 .debug_frame   0x0000000000000890       0x2c ../SocNiosBSP/\libhal_bsp.a(altera_avalon_jtag_uart_write.o)
 .debug_frame   0x00000000000008bc       0x64 ../SocNiosBSP/\libhal_bsp.a(altera_avalon_uart_fd.o)
 .debug_frame   0x0000000000000920       0x9c ../SocNiosBSP/\libhal_bsp.a(altera_avalon_uart_init.o)
 .debug_frame   0x00000000000009bc       0x48 ../SocNiosBSP/\libhal_bsp.a(altera_avalon_uart_read.o)
 .debug_frame   0x0000000000000a04       0x48 ../SocNiosBSP/\libhal_bsp.a(altera_avalon_uart_write.o)
 .debug_frame   0x0000000000000a4c       0x2c ../SocNiosBSP/\libhal_bsp.a(alt_busy_sleep.o)
 .debug_frame   0x0000000000000a78       0x2c ../SocNiosBSP/\libhal_bsp.a(alt_dev.o)
 .debug_frame   0x0000000000000aa4       0x48 ../SocNiosBSP/\libhal_bsp.a(alt_dev_llist_insert.o)
 .debug_frame   0x0000000000000aec       0x2c ../SocNiosBSP/\libhal_bsp.a(altera_nios2_qsys_irq.o)

.debug_str      0x0000000000000000     0x18ae
 *(.debug_str)
 .debug_str     0x0000000000000000      0x173 obj/default/interrupt_handler_uart.o
                                        0x1be (size before relaxing)
 .debug_str     0x0000000000000173      0x505 obj/default/main.o
                                        0x689 (size before relaxing)
 .debug_str     0x0000000000000678      0x1d8 c:/altera/14.0/nios2eds/bin/gnu/h-x86_64-mingw32/bin/../lib/gcc/nios2-elf/4.7.3/mno-hw-mul\libgcc.a(_div_sf.o)
                                        0x271 (size before relaxing)
 .debug_str     0x0000000000000850       0x27 c:/altera/14.0/nios2eds/bin/gnu/h-x86_64-mingw32/bin/../lib/gcc/nios2-elf/4.7.3/mno-hw-mul\libgcc.a(_sf_to_df.o)
                                        0x239 (size before relaxing)
 .debug_str     0x0000000000000000      0x1cd c:/altera/14.0/nios2eds/bin/gnu/h-x86_64-mingw32/bin/../lib/gcc/nios2-elf/4.7.3/mno-hw-mul\libgcc.a(_thenan_sf.o)
 .debug_str     0x0000000000000877       0x24 c:/altera/14.0/nios2eds/bin/gnu/h-x86_64-mingw32/bin/../lib/gcc/nios2-elf/4.7.3/mno-hw-mul\libgcc.a(_usi_to_sf.o)
                                        0x216 (size before relaxing)
 .debug_str     0x000000000000089b       0x8d c:/altera/14.0/nios2eds/bin/gnu/h-x86_64-mingw32/bin/../lib/gcc/nios2-elf/4.7.3/mno-hw-mul\libgcc.a(_addsub_df.o)
                                        0x2b5 (size before relaxing)
 .debug_str     0x0000000000000928        0xa c:/altera/14.0/nios2eds/bin/gnu/h-x86_64-mingw32/bin/../lib/gcc/nios2-elf/4.7.3/mno-hw-mul\libgcc.a(_df_to_si.o)
                                        0x23c (size before relaxing)
 .debug_str     0x0000000000000000        0xa c:/altera/14.0/nios2eds/bin/gnu/h-x86_64-mingw32/bin/../lib/gcc/nios2-elf/4.7.3/mno-hw-mul\libgcc.a(_make_df.o)
                                        0x1f5 (size before relaxing)
 .debug_str     0x0000000000000000      0x1cd c:/altera/14.0/nios2eds/bin/gnu/h-x86_64-mingw32/bin/../lib/gcc/nios2-elf/4.7.3/mno-hw-mul\libgcc.a(_thenan_df.o)
 .debug_str     0x0000000000000932       0x7f c:/altera/14.0/nios2eds/bin/gnu/h-x86_64-mingw32/bin/../lib/gcc/nios2-elf/4.7.3/mno-hw-mul\libgcc.a(lib2-divmod.o)
                                        0x167 (size before relaxing)
 .debug_str     0x00000000000009b1       0x40 c:/altera/14.0/nios2eds/bin/gnu/h-x86_64-mingw32/bin/../lib/gcc/nios2-elf/4.7.3/mno-hw-mul\libgcc.a(lib2-mul.o)
                                        0x128 (size before relaxing)
 .debug_str     0x00000000000009f1       0x5d c:/altera/14.0/nios2eds/bin/gnu/h-x86_64-mingw32/bin/../lib/gcc/nios2-elf/4.7.3/mno-hw-mul\libgcc.a(_clzsi2.o)
                                        0x189 (size before relaxing)
 .debug_str     0x0000000000000a4e        0x7 c:/altera/14.0/nios2eds/bin/gnu/h-x86_64-mingw32/bin/../lib/gcc/nios2-elf/4.7.3/mno-hw-mul\libgcc.a(_pack_sf.o)
                                        0x22a (size before relaxing)
 .debug_str     0x0000000000000000      0x20c c:/altera/14.0/nios2eds/bin/gnu/h-x86_64-mingw32/bin/../lib/gcc/nios2-elf/4.7.3/mno-hw-mul\libgcc.a(_unpack_sf.o)
 .debug_str     0x0000000000000000      0x230 c:/altera/14.0/nios2eds/bin/gnu/h-x86_64-mingw32/bin/../lib/gcc/nios2-elf/4.7.3/mno-hw-mul\libgcc.a(_pack_df.o)
 .debug_str     0x0000000000000000      0x212 c:/altera/14.0/nios2eds/bin/gnu/h-x86_64-mingw32/bin/../lib/gcc/nios2-elf/4.7.3/mno-hw-mul\libgcc.a(_unpack_df.o)
 .debug_str     0x0000000000000a55       0x39 c:/altera/14.0/nios2eds/bin/gnu/h-x86_64-mingw32/bin/../lib/gcc/nios2-elf/4.7.3/mno-hw-mul\libgcc.a(_lshrdi3.o)
                                        0x1a0 (size before relaxing)
 .debug_str     0x0000000000000a8e        0xa c:/altera/14.0/nios2eds/bin/gnu/h-x86_64-mingw32/bin/../lib/gcc/nios2-elf/4.7.3/mno-hw-mul\libgcc.a(_ashldi3.o)
                                        0x1a0 (size before relaxing)
 .debug_str     0x0000000000000000      0x16c c:/altera/14.0/nios2eds/bin/gnu/h-x86_64-mingw32/bin/../lib/gcc/nios2-elf/4.7.3/mno-hw-mul\libgcc.a(_clz.o)
 .debug_str     0x0000000000000a98      0x14b c:/altera/14.0/nios2eds/bin/gnu/h-x86_64-mingw32/bin/../lib/gcc/nios2-elf/4.7.3/../../../../../H-x86_64-mingw32/nios2-elf/lib/mno-hw-mul\libsmallc.a(lib_a-impure.o)
                                        0x467 (size before relaxing)
 .debug_str     0x0000000000000be3       0xe3 c:/altera/14.0/nios2eds/bin/gnu/h-x86_64-mingw32/bin/../lib/gcc/nios2-elf/4.7.3/../../../../../H-x86_64-mingw32/nios2-elf/lib/mno-hw-mul\libsmallc.a(lib_a-memset.o)
                                        0x188 (size before relaxing)
 .debug_str     0x0000000000000cc6       0xec c:/altera/14.0/nios2eds/bin/gnu/h-x86_64-mingw32/bin/../lib/gcc/nios2-elf/4.7.3/../../../../../H-x86_64-mingw32/nios2-elf/lib/mno-hw-mul\libsmallc.a(lib_a-putc.o)
                                        0x45f (size before relaxing)
 .debug_str     0x0000000000000db2       0x47 c:/altera/14.0/nios2eds/bin/gnu/h-x86_64-mingw32/bin/../lib/gcc/nios2-elf/4.7.3/../../../../../H-x86_64-mingw32/nios2-elf/lib/mno-hw-mul\libsmallc.a(lib_a-strncmp.o)
                                        0x18a (size before relaxing)
 .debug_str     0x0000000000000df9       0x82 c:/altera/14.0/nios2eds/bin/gnu/h-x86_64-mingw32/bin/../lib/gcc/nios2-elf/4.7.3/../../../../../H-x86_64-mingw32/nios2-elf/lib/mno-hw-mul\libsmallc.a(lib_a-fvwrite_small_dev.o)
                                        0x48d (size before relaxing)
 .debug_str     0x0000000000000e7b       0x3d c:/altera/14.0/nios2eds/bin/gnu/h-x86_64-mingw32/bin/../lib/gcc/nios2-elf/4.7.3/../../../../../H-x86_64-mingw32/nios2-elf/lib/mno-hw-mul\libsmallc.a(lib_a-writer.o)
                                        0x461 (size before relaxing)
 .debug_str     0x0000000000000eb8       0x40 c:/altera/14.0/nios2eds/bin/gnu/h-x86_64-mingw32/bin/../lib/gcc/nios2-elf/4.7.3/../../../../../H-x86_64-mingw32/nios2-elf/lib/mno-hw-mul\libsmallc.a(lib_a-int_errno.o)
                                        0x181 (size before relaxing)
 .debug_str     0x0000000000000ef8      0x14a ../SocNiosBSP/\libhal_bsp.a(alt_iic.o)
                                        0x202 (size before relaxing)
 .debug_str     0x0000000000001042       0x4c ../SocNiosBSP/\libhal_bsp.a(alt_iic_isr_register.o)
                                        0x1ac (size before relaxing)
 .debug_str     0x000000000000108e       0x3a ../SocNiosBSP/\libhal_bsp.a(alt_irq_handler.o)
                                        0x15b (size before relaxing)
 .debug_str     0x00000000000010c8       0x17 ../SocNiosBSP/\libhal_bsp.a(alt_irq_vars.o)
                                        0x10a (size before relaxing)
 .debug_str     0x00000000000010df       0x70 ../SocNiosBSP/\libhal_bsp.a(alt_main.o)
                                        0x15a (size before relaxing)
 .debug_str     0x000000000000114f       0x32 ../SocNiosBSP/\libhal_bsp.a(alt_printf.o)
                                         0xca (size before relaxing)
 .debug_str     0x0000000000001181       0x22 ../SocNiosBSP/\libhal_bsp.a(alt_putchar.o)
                                        0x4a8 (size before relaxing)
 .debug_str     0x00000000000011a3       0x27 ../SocNiosBSP/\libhal_bsp.a(alt_usleep.o)
                                        0x10c (size before relaxing)
 .debug_str     0x00000000000011ca      0x159 ../SocNiosBSP/\libhal_bsp.a(alt_write.o)
                                        0x2bc (size before relaxing)
 .debug_str     0x0000000000001323      0x19c ../SocNiosBSP/\libhal_bsp.a(alt_sys_init.o)
                                        0x33a (size before relaxing)
 .debug_str     0x00000000000014bf       0x70 ../SocNiosBSP/\libhal_bsp.a(altera_avalon_jtag_uart_fd.o)
                                        0x299 (size before relaxing)
 .debug_str     0x000000000000152f       0x48 ../SocNiosBSP/\libhal_bsp.a(altera_avalon_jtag_uart_read.o)
                                        0x1e3 (size before relaxing)
 .debug_str     0x0000000000001577       0x4a ../SocNiosBSP/\libhal_bsp.a(altera_avalon_jtag_uart_write.o)
                                        0x1d9 (size before relaxing)
 .debug_str     0x00000000000015c1       0x77 ../SocNiosBSP/\libhal_bsp.a(altera_avalon_uart_fd.o)
                                        0x2b9 (size before relaxing)
 .debug_str     0x0000000000001638       0xb2 ../SocNiosBSP/\libhal_bsp.a(altera_avalon_uart_init.o)
                                        0x27b (size before relaxing)
 .debug_str     0x00000000000016ea       0x4f ../SocNiosBSP/\libhal_bsp.a(altera_avalon_uart_read.o)
                                        0x25c (size before relaxing)
 .debug_str     0x0000000000001739       0x49 ../SocNiosBSP/\libhal_bsp.a(altera_avalon_uart_write.o)
                                        0x250 (size before relaxing)
 .debug_str     0x0000000000001782       0x42 ../SocNiosBSP/\libhal_bsp.a(alt_busy_sleep.o)
                                        0x12f (size before relaxing)
 .debug_str     0x00000000000017c4       0x50 ../SocNiosBSP/\libhal_bsp.a(alt_dev.o)
                                        0x2c9 (size before relaxing)
 .debug_str     0x0000000000001814       0x4b ../SocNiosBSP/\libhal_bsp.a(alt_dev_llist_insert.o)
                                        0x190 (size before relaxing)
 .debug_str     0x000000000000185f       0x14 ../SocNiosBSP/\libhal_bsp.a(alt_errno.o)
                                        0x109 (size before relaxing)
 .debug_str     0x0000000000001873       0x3b ../SocNiosBSP/\libhal_bsp.a(altera_nios2_qsys_irq.o)
                                        0x120 (size before relaxing)

.debug_loc      0x0000000000000000     0x2961
 *(.debug_loc)
 .debug_loc     0x0000000000000000      0x108 obj/default/interrupt_handler_uart.o
 .debug_loc     0x0000000000000108      0x268 obj/default/main.o
 .debug_loc     0x0000000000000370      0x172 c:/altera/14.0/nios2eds/bin/gnu/h-x86_64-mingw32/bin/../lib/gcc/nios2-elf/4.7.3/mno-hw-mul\libgcc.a(_div_sf.o)
 .debug_loc     0x00000000000004e2       0x43 c:/altera/14.0/nios2eds/bin/gnu/h-x86_64-mingw32/bin/../lib/gcc/nios2-elf/4.7.3/mno-hw-mul\libgcc.a(_sf_to_df.o)
 .debug_loc     0x0000000000000525      0x189 c:/altera/14.0/nios2eds/bin/gnu/h-x86_64-mingw32/bin/../lib/gcc/nios2-elf/4.7.3/mno-hw-mul\libgcc.a(_usi_to_sf.o)
 .debug_loc     0x00000000000006ae      0x7a1 c:/altera/14.0/nios2eds/bin/gnu/h-x86_64-mingw32/bin/../lib/gcc/nios2-elf/4.7.3/mno-hw-mul\libgcc.a(_addsub_df.o)
 .debug_loc     0x0000000000000e4f       0xc4 c:/altera/14.0/nios2eds/bin/gnu/h-x86_64-mingw32/bin/../lib/gcc/nios2-elf/4.7.3/mno-hw-mul\libgcc.a(_df_to_si.o)
 .debug_loc     0x0000000000000f13       0x8f c:/altera/14.0/nios2eds/bin/gnu/h-x86_64-mingw32/bin/../lib/gcc/nios2-elf/4.7.3/mno-hw-mul\libgcc.a(_make_df.o)
 .debug_loc     0x0000000000000fa2      0x338 c:/altera/14.0/nios2eds/bin/gnu/h-x86_64-mingw32/bin/../lib/gcc/nios2-elf/4.7.3/mno-hw-mul\libgcc.a(lib2-divmod.o)
 .debug_loc     0x00000000000012da       0x93 c:/altera/14.0/nios2eds/bin/gnu/h-x86_64-mingw32/bin/../lib/gcc/nios2-elf/4.7.3/mno-hw-mul\libgcc.a(lib2-mul.o)
 .debug_loc     0x000000000000136d      0x19a c:/altera/14.0/nios2eds/bin/gnu/h-x86_64-mingw32/bin/../lib/gcc/nios2-elf/4.7.3/mno-hw-mul\libgcc.a(_clzsi2.o)
 .debug_loc     0x0000000000001507      0x2c2 c:/altera/14.0/nios2eds/bin/gnu/h-x86_64-mingw32/bin/../lib/gcc/nios2-elf/4.7.3/mno-hw-mul\libgcc.a(_pack_sf.o)
 .debug_loc     0x00000000000017c9      0x102 c:/altera/14.0/nios2eds/bin/gnu/h-x86_64-mingw32/bin/../lib/gcc/nios2-elf/4.7.3/mno-hw-mul\libgcc.a(_unpack_sf.o)
 .debug_loc     0x00000000000018cb      0x2ae c:/altera/14.0/nios2eds/bin/gnu/h-x86_64-mingw32/bin/../lib/gcc/nios2-elf/4.7.3/mno-hw-mul\libgcc.a(_pack_df.o)
 .debug_loc     0x0000000000001b79      0x179 c:/altera/14.0/nios2eds/bin/gnu/h-x86_64-mingw32/bin/../lib/gcc/nios2-elf/4.7.3/mno-hw-mul\libgcc.a(_unpack_df.o)
 .debug_loc     0x0000000000001cf2       0xc4 c:/altera/14.0/nios2eds/bin/gnu/h-x86_64-mingw32/bin/../lib/gcc/nios2-elf/4.7.3/mno-hw-mul\libgcc.a(_lshrdi3.o)
 .debug_loc     0x0000000000001db6       0xc4 c:/altera/14.0/nios2eds/bin/gnu/h-x86_64-mingw32/bin/../lib/gcc/nios2-elf/4.7.3/mno-hw-mul\libgcc.a(_ashldi3.o)
 .debug_loc     0x0000000000001e7a       0x6c c:/altera/14.0/nios2eds/bin/gnu/h-x86_64-mingw32/bin/../lib/gcc/nios2-elf/4.7.3/../../../../../H-x86_64-mingw32/nios2-elf/lib/mno-hw-mul\libsmallc.a(lib_a-memset.o)
 .debug_loc     0x0000000000001ee6      0x138 c:/altera/14.0/nios2eds/bin/gnu/h-x86_64-mingw32/bin/../lib/gcc/nios2-elf/4.7.3/../../../../../H-x86_64-mingw32/nios2-elf/lib/mno-hw-mul\libsmallc.a(lib_a-putc.o)
 .debug_loc     0x000000000000201e       0x97 c:/altera/14.0/nios2eds/bin/gnu/h-x86_64-mingw32/bin/../lib/gcc/nios2-elf/4.7.3/../../../../../H-x86_64-mingw32/nios2-elf/lib/mno-hw-mul\libsmallc.a(lib_a-strncmp.o)
 .debug_loc     0x00000000000020b5      0x19e c:/altera/14.0/nios2eds/bin/gnu/h-x86_64-mingw32/bin/../lib/gcc/nios2-elf/4.7.3/../../../../../H-x86_64-mingw32/nios2-elf/lib/mno-hw-mul\libsmallc.a(lib_a-fvwrite_small_dev.o)
 .debug_loc     0x0000000000002253       0xde c:/altera/14.0/nios2eds/bin/gnu/h-x86_64-mingw32/bin/../lib/gcc/nios2-elf/4.7.3/../../../../../H-x86_64-mingw32/nios2-elf/lib/mno-hw-mul\libsmallc.a(lib_a-writer.o)
 .debug_loc     0x0000000000002331       0xb0 ../SocNiosBSP/\libhal_bsp.a(alt_iic.o)
 .debug_loc     0x00000000000023e1       0x2c ../SocNiosBSP/\libhal_bsp.a(alt_iic_isr_register.o)
 .debug_loc     0x000000000000240d       0x2c ../SocNiosBSP/\libhal_bsp.a(alt_irq_handler.o)
 .debug_loc     0x0000000000002439       0x2c ../SocNiosBSP/\libhal_bsp.a(alt_main.o)
 .debug_loc     0x0000000000002465       0x2c ../SocNiosBSP/\libhal_bsp.a(alt_printf.o)
 .debug_loc     0x0000000000002491       0x2c ../SocNiosBSP/\libhal_bsp.a(alt_putchar.o)